Archive member included because of file (symbol)

d:/program files (x86)/gnu tools arm embedded/4.8 2014q3/bin/../lib/gcc/arm-none-eabi/4.8.4/armv7-m\libgcc.a(_arm_addsubdf3.o)
                              build\kernel\components\libc\minilibc\math.o (__aeabi_dsub)
d:/program files (x86)/gnu tools arm embedded/4.8 2014q3/bin/../lib/gcc/arm-none-eabi/4.8.4/armv7-m\libgcc.a(_arm_muldivdf3.o)
                              build\kernel\components\libc\minilibc\math.o (__aeabi_dmul)
d:/program files (x86)/gnu tools arm embedded/4.8 2014q3/bin/../lib/gcc/arm-none-eabi/4.8.4/armv7-m\libgcc.a(_arm_fixdfsi.o)
                              build\kernel\components\libc\minilibc\math.o (__aeabi_d2iz)
d:/program files (x86)/gnu tools arm embedded/4.8 2014q3/bin/../lib/gcc/arm-none-eabi/4.8.4/../../../../arm-none-eabi/lib/armv7-m\libc.a(lib_a-exit.o)
                              d:/program files (x86)/gnu tools arm embedded/4.8 2014q3/bin/../lib/gcc/arm-none-eabi/4.8.4/../../../../arm-none-eabi/lib/armv7-m/crt0.o (exit)
d:/program files (x86)/gnu tools arm embedded/4.8 2014q3/bin/../lib/gcc/arm-none-eabi/4.8.4/../../../../arm-none-eabi/lib/armv7-m\libc.a(lib_a-impure.o)
                              d:/program files (x86)/gnu tools arm embedded/4.8 2014q3/bin/../lib/gcc/arm-none-eabi/4.8.4/../../../../arm-none-eabi/lib/armv7-m\libc.a(lib_a-exit.o) (_global_impure_ptr)
d:/program files (x86)/gnu tools arm embedded/4.8 2014q3/bin/../lib/gcc/arm-none-eabi/4.8.4/../../../../arm-none-eabi/lib/armv7-m\libc.a(lib_a-init.o)
                              d:/program files (x86)/gnu tools arm embedded/4.8 2014q3/bin/../lib/gcc/arm-none-eabi/4.8.4/../../../../arm-none-eabi/lib/armv7-m/crt0.o (__libc_init_array)
d:/program files (x86)/gnu tools arm embedded/4.8 2014q3/bin/../lib/gcc/arm-none-eabi/4.8.4/../../../../arm-none-eabi/lib/armv7-m\libc.a(lib_a-__call_atexit.o)
                              d:/program files (x86)/gnu tools arm embedded/4.8 2014q3/bin/../lib/gcc/arm-none-eabi/4.8.4/../../../../arm-none-eabi/lib/armv7-m\libc.a(lib_a-exit.o) (__call_exitprocs)
d:/program files (x86)/gnu tools arm embedded/4.8 2014q3/bin/../lib/gcc/arm-none-eabi/4.8.4/../../../../arm-none-eabi/lib/armv7-m\libc.a(lib_a-atexit.o)
                              d:/program files (x86)/gnu tools arm embedded/4.8 2014q3/bin/../lib/gcc/arm-none-eabi/4.8.4/../../../../arm-none-eabi/lib/armv7-m\libc.a(lib_a-__call_atexit.o) (atexit)
d:/program files (x86)/gnu tools arm embedded/4.8 2014q3/bin/../lib/gcc/arm-none-eabi/4.8.4/../../../../arm-none-eabi/lib/armv7-m\libc.a(lib_a-fini.o)
                              d:/program files (x86)/gnu tools arm embedded/4.8 2014q3/bin/../lib/gcc/arm-none-eabi/4.8.4/../../../../arm-none-eabi/lib/armv7-m\libc.a(lib_a-__call_atexit.o) (__libc_fini_array)
d:/program files (x86)/gnu tools arm embedded/4.8 2014q3/bin/../lib/gcc/arm-none-eabi/4.8.4/../../../../arm-none-eabi/lib/armv7-m\libc.a(lib_a-__atexit.o)
                              d:/program files (x86)/gnu tools arm embedded/4.8 2014q3/bin/../lib/gcc/arm-none-eabi/4.8.4/../../../../arm-none-eabi/lib/armv7-m\libc.a(lib_a-atexit.o) (__register_exitproc)

Allocating common symbols
Common symbol       size              file

rt_interrupt_to_thread
                    0x4               build\kernel\libcpu\arm\cortex-m3\cpuport.o
rt_interrupt_from_thread
                    0x4               build\kernel\libcpu\arm\cortex-m3\cpuport.o
rt_thread_switch_interrupt_flag
                    0x4               build\kernel\libcpu\arm\cortex-m3\cpuport.o
rt_thread_priority_table
                    0x100             build\kernel\src\scheduler.o
serial1             0x54              build\bsp\drivers\usart.o
rt_object_put_hook  0x4               build\kernel\src\object.o
rt_current_priority
                    0x1               build\kernel\src\scheduler.o
rt_interrupt_nest   0x1               build\kernel\src\irq.o
serial3             0x54              build\bsp\drivers\usart.o
rt_object_take_hook
                    0x4               build\kernel\src\object.o
rt_current_thread   0x4               build\kernel\src\scheduler.o
rt_thread_ready_priority_group
                    0x4               build\kernel\src\scheduler.o
rt_thread_defunct   0x8               build\kernel\src\scheduler.o
rt_object_trytake_hook
                    0x4               build\kernel\src\object.o
serial2             0x54              build\bsp\drivers\usart.o

Discarded input sections

 .text          0x00000000        0x0 d:/program files (x86)/gnu tools arm embedded/4.8 2014q3/bin/../lib/gcc/arm-none-eabi/4.8.4/armv7-m/crti.o
 .data          0x00000000        0x0 d:/program files (x86)/gnu tools arm embedded/4.8 2014q3/bin/../lib/gcc/arm-none-eabi/4.8.4/armv7-m/crti.o
 .bss           0x00000000        0x0 d:/program files (x86)/gnu tools arm embedded/4.8 2014q3/bin/../lib/gcc/arm-none-eabi/4.8.4/armv7-m/crti.o
[...]
Memory Configuration

Name             Origin             Length             Attributes
CODE             0x08000000         0x00080000         xr
DATA             0x20000000         0x00010000         rw
*default*        0x00000000         0xffffffff

Linker script and memory map

LOAD d:/program files (x86)/gnu tools arm embedded/4.8 2014q3/bin/../lib/gcc/arm-none-eabi/4.8.4/armv7-m/crti.o
LOAD d:/program files (x86)/gnu tools arm embedded/4.8 2014q3/bin/../lib/gcc/arm-none-eabi/4.8.4/armv7-m/crtbegin.o
LOAD d:/program files (x86)/gnu tools arm embedded/4.8 2014q3/bin/../lib/gcc/arm-none-eabi/4.8.4/../../../../arm-none-eabi/lib/armv7-m/crt0.o
LOAD build\bsp\applications\application.o
LOAD build\bsp\applications\startup.o
LOAD build\bsp\drivers\board.o
LOAD build\bsp\drivers\stm32f10x_it.o
LOAD build\bsp\drivers\led.o
LOAD build\bsp\drivers\usart.o
LOAD build\bsp\Libraries\CMSIS\CM3\DeviceSupport\ST\STM32F10x\system_stm32f10x.o
LOAD build\bsp\Libraries\STM32F10x_StdPeriph_Driver\src\stm32f10x_crc.o
LOAD build\bsp\Libraries\STM32F10x_StdPeriph_Driver\src\stm32f10x_rcc.o
LOAD build\bsp\Libraries\STM32F10x_StdPeriph_Driver\src\stm32f10x_wwdg.o
LOAD build\bsp\Libraries\STM32F10x_StdPeriph_Driver\src\stm32f10x_pwr.o
LOAD build\bsp\Libraries\STM32F10x_StdPeriph_Driver\src\stm32f10x_exti.o
LOAD build\bsp\Libraries\STM32F10x_StdPeriph_Driver\src\stm32f10x_bkp.o
LOAD build\bsp\Libraries\STM32F10x_StdPeriph_Driver\src\stm32f10x_i2c.o
LOAD build\bsp\Libraries\STM32F10x_StdPeriph_Driver\src\stm32f10x_adc.o
LOAD build\bsp\Libraries\STM32F10x_StdPeriph_Driver\src\stm32f10x_dac.o
LOAD build\bsp\Libraries\STM32F10x_StdPeriph_Driver\src\stm32f10x_rtc.o
LOAD build\bsp\Libraries\STM32F10x_StdPeriph_Driver\src\stm32f10x_fsmc.o
LOAD build\bsp\Libraries\STM32F10x_StdPeriph_Driver\src\stm32f10x_tim.o
LOAD build\bsp\Libraries\STM32F10x_StdPeriph_Driver\src\stm32f10x_iwdg.o
LOAD build\bsp\Libraries\STM32F10x_StdPeriph_Driver\src\stm32f10x_spi.o
LOAD build\bsp\Libraries\STM32F10x_StdPeriph_Driver\src\stm32f10x_flash.o
LOAD build\bsp\Libraries\STM32F10x_StdPeriph_Driver\src\stm32f10x_sdio.o
LOAD build\bsp\Libraries\STM32F10x_StdPeriph_Driver\src\stm32f10x_gpio.o
LOAD build\bsp\Libraries\STM32F10x_StdPeriph_Driver\src\stm32f10x_usart.o
LOAD build\bsp\Libraries\STM32F10x_StdPeriph_Driver\src\stm32f10x_dbgmcu.o
LOAD build\bsp\Libraries\STM32F10x_StdPeriph_Driver\src\stm32f10x_dma.o
LOAD build\bsp\Libraries\STM32F10x_StdPeriph_Driver\src\stm32f10x_can.o
LOAD build\bsp\Libraries\STM32F10x_StdPeriph_Driver\src\stm32f10x_cec.o
LOAD build\bsp\Libraries\STM32F10x_StdPeriph_Driver\src\misc.o
LOAD build\bsp\Libraries\CMSIS\CM3\DeviceSupport\ST\STM32F10x\startup\gcc_ride7\startup_stm32f10x_md_vl.o
LOAD build\kernel\src\clock.o
LOAD build\kernel\src\device.o
LOAD build\kernel\src\idle.o
LOAD build\kernel\src\ipc.o
LOAD build\kernel\src\irq.o
LOAD build\kernel\src\kservice.o
LOAD build\kernel\src\mem.o
LOAD build\kernel\src\mempool.o
LOAD build\kernel\src\object.o
LOAD build\kernel\src\scheduler.o
LOAD build\kernel\src\thread.o
LOAD build\kernel\src\timer.o
LOAD build\kernel\libcpu\arm\cortex-m3\cpuport.o
LOAD build\kernel\libcpu\arm\cortex-m3\context_gcc.o
LOAD build\kernel\libcpu\arm\common\backtrace.o
LOAD build\kernel\libcpu\arm\common\div0.o
LOAD build\kernel\libcpu\arm\common\showmem.o
LOAD build\kernel\components\drivers\serial\serial.o
LOAD build\kernel\components\drivers\src\completion.o
LOAD build\kernel\components\drivers\src\dataqueue.o
LOAD build\kernel\components\drivers\src\pipe.o
LOAD build\kernel\components\drivers\src\portal.o
LOAD build\kernel\components\drivers\src\ringbuffer.o
LOAD build\kernel\components\drivers\src\workqueue.o
LOAD build\kernel\components\init\components.o
LOAD build\kernel\components\libc\minilibc\ctype.o
LOAD build\kernel\components\libc\minilibc\math.o
LOAD build\kernel\components\libc\minilibc\qsort.o
LOAD build\kernel\components\libc\minilibc\rand.o
LOAD build\kernel\components\libc\minilibc\stdlib.o
LOAD build\kernel\components\libc\minilibc\string.o
LOAD build\kernel\components\libc\minilibc\time.o
START GROUP
LOAD d:/program files (x86)/gnu tools arm embedded/4.8 2014q3/bin/../lib/gcc/arm-none-eabi/4.8.4/armv7-m\libgcc.a
LOAD d:/program files (x86)/gnu tools arm embedded/4.8 2014q3/bin/../lib/gcc/arm-none-eabi/4.8.4/../../../../arm-none-eabi/lib/armv7-m\libc.a
END GROUP
LOAD d:/program files (x86)/gnu tools arm embedded/4.8 2014q3/bin/../lib/gcc/arm-none-eabi/4.8.4/armv7-m/crtend.o
LOAD d:/program files (x86)/gnu tools arm embedded/4.8 2014q3/bin/../lib/gcc/arm-none-eabi/4.8.4/armv7-m/crtn.o
                0x00000100                _system_stack_size = 0x100

.text           0x08000000     0x3650
                0x08000000                . = ALIGN (0x4)
                0x08000000                _stext = .
 *(.isr_vector)
 .isr_vector    0x08000000      0x1d0 build\bsp\Libraries\CMSIS\CM3\DeviceSupport\ST\STM32F10x\startup\gcc_ride7\startup_stm32f10x_md_vl.o
                0x08000000                g_pfnVectors
                0x080001d0                . = ALIGN (0x4)
 *(.text)
 .text          0x080001d0      0x100 build\kernel\libcpu\arm\cortex-m3\context_gcc.o
                0x080001d0                rt_hw_interrupt_disable
                0x080001d8                rt_hw_interrupt_enable
                0x080001de                rt_hw_context_switch_interrupt
                0x080001de                rt_hw_context_switch
                0x080001fe                PendSV_Handler
                0x0800023a                rt_hw_context_switch_to
                0x08000270                rt_hw_interrupt_thread_switch
                0x08000274                HardFault_Handler
                0x080002a8                rt_hw_interrupt_check
 *(.text.*)
 .text.led_thread_entry
                0x080002d0       0x30 build\bsp\applications\application.o
 .text.rt_init_thread_entry
                0x08000300       0x14 build\bsp\applications\application.o
                0x08000300                rt_init_thread_entry
 .text.rt_application_init
                0x08000314       0x78 build\bsp\applications\application.o
                0x08000314                rt_application_init
 .text.assert_failed
                0x0800038c        0xc build\bsp\applications\startup.o
                0x0800038c                assert_failed
 .text.rtthread_startup
                0x08000398       0x38 build\bsp\applications\startup.o
                0x08000398                rtthread_startup
 .text.main     0x080003d0       0x14 build\bsp\applications\startup.o
                0x080003d0                main
 .text.NVIC_SetPriority
                0x080003e4       0x54 build\bsp\drivers\board.o
 .text.SysTick_Config
                0x08000438       0x44 build\bsp\drivers\board.o
 .text.NVIC_Configuration
                0x0800047c       0x10 build\bsp\drivers\board.o
                0x0800047c                NVIC_Configuration
 .text.SysTick_Handler
                0x0800048c       0x14 build\bsp\drivers\board.o
                0x0800048c                SysTick_Handler
 .text.rt_hw_board_init
                0x080004a0       0x28 build\bsp\drivers\board.o
                0x080004a0                rt_hw_board_init
 .text.NMI_Handler
                0x080004c8        0xc build\bsp\drivers\stm32f10x_it.o
                0x080004c8                NMI_Handler
 .text.MemManage_Handler
                0x080004d4        0x8 build\bsp\drivers\stm32f10x_it.o
                0x080004d4                MemManage_Handler
 .text.BusFault_Handler
                0x080004dc        0x8 build\bsp\drivers\stm32f10x_it.o
                0x080004dc                BusFault_Handler
 .text.UsageFault_Handler
                0x080004e4        0x8 build\bsp\drivers\stm32f10x_it.o
                0x080004e4                UsageFault_Handler
 .text.SVC_Handler
                0x080004ec        0xc build\bsp\drivers\stm32f10x_it.o
                0x080004ec                SVC_Handler
 .text.DebugMon_Handler
                0x080004f8        0xc build\bsp\drivers\stm32f10x_it.o
                0x080004f8                DebugMon_Handler
 .text.rt_hw_led_init
                0x08000504       0x40 build\bsp\drivers\led.o
                0x08000504                rt_hw_led_init
 .text.rt_hw_led_on
                0x08000544       0x38 build\bsp\drivers\led.o
                0x08000544                rt_hw_led_on
 .text.rt_hw_led_off
                0x0800057c       0x38 build\bsp\drivers\led.o
                0x0800057c                rt_hw_led_off
 .text.stm32_getc
                0x080005b4       0x54 build\bsp\drivers\usart.o
 .text.USART1_IRQHandler
                0x08000608       0x84 build\bsp\drivers\usart.o
                0x08000608                USART1_IRQHandler
 .text.USART2_IRQHandler
                0x0800068c       0x84 build\bsp\drivers\usart.o
                0x0800068c                USART2_IRQHandler
 .text.USART3_IRQHandler
                0x08000710       0x84 build\bsp\drivers\usart.o
                0x08000710                USART3_IRQHandler
 .text.SystemInit
                0x08000794       0x6c build\bsp\Libraries\CMSIS\CM3\DeviceSupport\ST\STM32F10x\system_stm32f10x.o
                0x08000794                SystemInit
 .text.SetSysClock
                0x08000800        0xc build\bsp\Libraries\CMSIS\CM3\DeviceSupport\ST\STM32F10x\system_stm32f10x.o
 .text.SetSysClockTo24
                0x0800080c       0xd4 build\bsp\Libraries\CMSIS\CM3\DeviceSupport\ST\STM32F10x\system_stm32f10x.o
 .text.RCC_APB2PeriphClockCmd
                0x080008e0       0x70 build\bsp\Libraries\STM32F10x_StdPeriph_Driver\src\stm32f10x_rcc.o
                0x080008e0                RCC_APB2PeriphClockCmd
 .text.GPIO_Init
                0x08000950      0x24c build\bsp\Libraries\STM32F10x_StdPeriph_Driver\src\stm32f10x_gpio.o
                0x08000950                GPIO_Init
 .text.GPIO_SetBits
                0x08000b9c       0x8c build\bsp\Libraries\STM32F10x_StdPeriph_Driver\src\stm32f10x_gpio.o
                0x08000b9c                GPIO_SetBits
 .text.GPIO_ResetBits
                0x08000c28       0x8c build\bsp\Libraries\STM32F10x_StdPeriph_Driver\src\stm32f10x_gpio.o
                0x08000c28                GPIO_ResetBits
 .text.USART_GetFlagStatus
                0x08000cb4       0xf4 build\bsp\Libraries\STM32F10x_StdPeriph_Driver\src\stm32f10x_usart.o
                0x08000cb4                USART_GetFlagStatus
 .text.USART_GetITStatus
                0x08000da8      0x184 build\bsp\Libraries\STM32F10x_StdPeriph_Driver\src\stm32f10x_usart.o
                0x08000da8                USART_GetITStatus
 .text.USART_ClearITPendingBit
                0x08000f2c       0xdc build\bsp\Libraries\STM32F10x_StdPeriph_Driver\src\stm32f10x_usart.o
                0x08000f2c                USART_ClearITPendingBit
 .text.NVIC_SetVectorTable
                0x08001008       0x58 build\bsp\Libraries\STM32F10x_StdPeriph_Driver\src\misc.o
                0x08001008                NVIC_SetVectorTable
 .text.Reset_Handler
                0x08001060       0x4c build\bsp\Libraries\CMSIS\CM3\DeviceSupport\ST\STM32F10x\startup\gcc_ride7\startup_stm32f10x_md_vl.o
                0x08001060                Reset_Handler
 .text.Default_Handler
                0x080010ac        0x4 build\bsp\Libraries\CMSIS\CM3\DeviceSupport\ST\STM32F10x\startup\gcc_ride7\startup_stm32f10x_md_vl.o
                0x080010ac                EXTI2_IRQHandler
                0x080010ac                TIM1_CC_IRQHandler
                0x080010ac                PVD_IRQHandler
                0x080010ac                EXTI3_IRQHandler
                0x080010ac                EXTI0_IRQHandler
                0x080010ac                I2C2_EV_IRQHandler
                0x080010ac                TIM1_UP_TIM16_IRQHandler
                0x080010ac                SPI1_IRQHandler
                0x080010ac                TAMPER_IRQHandler
                0x080010ac                TIM6_DAC_IRQHandler
                0x080010ac                DMA1_Channel4_IRQHandler
                0x080010ac                ADC1_IRQHandler
                0x080010ac                RTC_IRQHandler
                0x080010ac                DMA1_Channel7_IRQHandler
                0x080010ac                TIM4_IRQHandler
                0x080010ac                I2C1_EV_IRQHandler
                0x080010ac                DMA1_Channel6_IRQHandler
                0x080010ac                TIM3_IRQHandler
                0x080010ac                RCC_IRQHandler
                0x080010ac                DMA1_Channel1_IRQHandler
                0x080010ac                Default_Handler
                0x080010ac                CEC_IRQHandler
                0x080010ac                EXTI15_10_IRQHandler
                0x080010ac                TIM7_IRQHandler
                0x080010ac                EXTI9_5_IRQHandler
                0x080010ac                SPI2_IRQHandler
                0x080010ac                DMA1_Channel5_IRQHandler
                0x080010ac                EXTI4_IRQHandler
                0x080010ac                TIM1_TRG_COM_TIM17_IRQHandler
                0x080010ac                DMA1_Channel3_IRQHandler
                0x080010ac                WWDG_IRQHandler
                0x080010ac                TIM2_IRQHandler
                0x080010ac                EXTI1_IRQHandler
                0x080010ac                RTCAlarm_IRQHandler
                0x080010ac                I2C2_ER_IRQHandler
                0x080010ac                DMA1_Channel2_IRQHandler
                0x080010ac                FLASH_IRQHandler
                0x080010ac                I2C1_ER_IRQHandler
                0x080010ac                TIM1_BRK_TIM15_IRQHandler
 .text.rt_tick_get
                0x080010b0       0x18 build\kernel\src\clock.o
                0x080010b0                rt_tick_get
 .text.rt_tick_increase
                0x080010c8       0x44 build\kernel\src\clock.o
                0x080010c8                rt_tick_increase
 .text.rt_list_remove
                0x0800110c       0x34 build\kernel\src\idle.o
 .text._has_defunct_thread
                0x08001140       0x2c build\kernel\src\idle.o
 .text.rt_thread_idle_excute
                0x0800116c       0xa4 build\kernel\src\idle.o
                0x0800116c                rt_thread_idle_excute
 .text.rt_thread_idle_entry
                0x08001210       0x20 build\kernel\src\idle.o
 .text.rt_thread_idle_init
                0x08001230       0x40 build\kernel\src\idle.o
                0x08001230                rt_thread_idle_init
 .text.rt_list_init
                0x08001270       0x20 build\kernel\src\ipc.o
 .text.rt_list_insert_before
                0x08001290       0x30 build\kernel\src\ipc.o
 .text.rt_list_isempty
                0x080012c0       0x24 build\kernel\src\ipc.o
 .text.rt_ipc_object_init
                0x080012e4       0x1c build\kernel\src\ipc.o
 .text.rt_ipc_list_suspend
                0x08001300       0x90 build\kernel\src\ipc.o
 .text.rt_ipc_list_resume
                0x08001390       0x20 build\kernel\src\ipc.o
 .text.rt_sem_init
                0x080013b0       0x50 build\kernel\src\ipc.o
                0x080013b0                rt_sem_init
 .text.rt_sem_take
                0x08001400      0x12c build\kernel\src\ipc.o
                0x08001400                rt_sem_take
 .text.rt_sem_release
                0x0800152c       0x68 build\kernel\src\ipc.o
                0x0800152c                rt_sem_release
 .text.rt_interrupt_enter
                0x08001594       0x2c build\kernel\src\irq.o
                0x08001594                rt_interrupt_enter
 .text.rt_interrupt_leave
                0x080015c0       0x2c build\kernel\src\irq.o
                0x080015c0                rt_interrupt_leave
 .text.rt_interrupt_get_nest
                0x080015ec       0x18 build\kernel\src\irq.o
                0x080015ec                rt_interrupt_get_nest
 .text.rt_memset
                0x08001604       0xb8 build\kernel\src\kservice.o
                0x08001604                rt_memset
                0x08001604                memset
 .text.rt_strncpy
                0x080016bc       0x64 build\kernel\src\kservice.o
                0x080016bc                rt_strncpy
 .text.rt_show_version
                0x08001720        0xc build\kernel\src\kservice.o
                0x08001720                rt_show_version
 .text.__rt_ffs
                0x0800172c       0x74 build\kernel\src\kservice.o
                0x0800172c                __rt_ffs
 .text.plug_holes
                0x080017a0      0x100 build\kernel\src\mem.o
 .text.rt_system_heap_init
                0x080018a0       0xfc build\kernel\src\mem.o
                0x080018a0                rt_system_heap_init
 .text.rt_malloc
                0x0800199c      0x278 build\kernel\src\mem.o
                0x0800199c                rt_malloc
 .text.rt_free  0x08001c14      0x134 build\kernel\src\mem.o
                0x08001c14                rt_free
 .text.rt_list_insert_after
                0x08001d48       0x30 build\kernel\src\object.o
 .text.rt_list_remove
                0x08001d78       0x34 build\kernel\src\object.o
 .text.rt_object_init
                0x08001dac       0x6c build\kernel\src\object.o
                0x08001dac                rt_object_init
 .text.rt_object_detach
                0x08001e18       0x4c build\kernel\src\object.o
                0x08001e18                rt_object_detach
 .text.rt_object_allocate
                0x08001e64       0xa8 build\kernel\src\object.o
                0x08001e64                rt_object_allocate
 .text.rt_object_delete
                0x08001f0c       0x6c build\kernel\src\object.o
                0x08001f0c                rt_object_delete
 .text.rt_object_is_systemobject
                0x08001f78       0x3c build\kernel\src\object.o
                0x08001f78                rt_object_is_systemobject
 .text.rt_list_init
                0x08001fb4       0x20 build\kernel\src\scheduler.o
 .text.rt_list_insert_before
                0x08001fd4       0x30 build\kernel\src\scheduler.o
 .text.rt_list_remove
                0x08002004       0x34 build\kernel\src\scheduler.o
 .text.rt_list_isempty
                0x08002038       0x24 build\kernel\src\scheduler.o
 .text._rt_scheduler_stack_check
                0x0800205c       0x54 build\kernel\src\scheduler.o
 .text.rt_system_scheduler_init
                0x080020b0       0x54 build\kernel\src\scheduler.o
                0x080020b0                rt_system_scheduler_init
 .text.rt_system_scheduler_start
                0x08002104       0x3c build\kernel\src\scheduler.o
                0x08002104                rt_system_scheduler_start
 .text.rt_schedule
                0x08002140       0xbc build\kernel\src\scheduler.o
                0x08002140                rt_schedule
 .text.rt_schedule_insert_thread
                0x080021fc       0x64 build\kernel\src\scheduler.o
                0x080021fc                rt_schedule_insert_thread
 .text.rt_schedule_remove_thread
                0x08002260       0x68 build\kernel\src\scheduler.o
                0x08002260                rt_schedule_remove_thread
 .text.rt_list_init
                0x080022c8       0x20 build\kernel\src\thread.o
 .text.rt_list_insert_after
                0x080022e8       0x30 build\kernel\src\thread.o
 .text.rt_list_insert_before
                0x08002318       0x30 build\kernel\src\thread.o
 .text.rt_list_remove
                0x08002348       0x34 build\kernel\src\thread.o
 .text.rt_thread_exit
                0x0800237c       0x6c build\kernel\src\thread.o
 .text._rt_thread_init
                0x080023e8       0xe8 build\kernel\src\thread.o
 .text.rt_thread_init
                0x080024d0       0x68 build\kernel\src\thread.o
                0x080024d0                rt_thread_init
 .text.rt_thread_self
                0x08002538       0x18 build\kernel\src\thread.o
                0x08002538                rt_thread_self
 .text.rt_thread_startup
                0x08002550       0x78 build\kernel\src\thread.o
                0x08002550                rt_thread_startup
 .text.rt_thread_create
                0x080025c8       0x64 build\kernel\src\thread.o
                0x080025c8                rt_thread_create
 .text.rt_thread_yield
                0x0800262c       0x70 build\kernel\src\thread.o
                0x0800262c                rt_thread_yield
 .text.rt_thread_sleep
                0x0800269c       0x74 build\kernel\src\thread.o
                0x0800269c                rt_thread_sleep
 .text.rt_thread_delay
                0x08002710       0x18 build\kernel\src\thread.o
                0x08002710                rt_thread_delay
 .text.rt_thread_suspend
                0x08002728       0x5c build\kernel\src\thread.o
                0x08002728                rt_thread_suspend
 .text.rt_thread_resume
                0x08002784       0x5c build\kernel\src\thread.o
                0x08002784                rt_thread_resume
 .text.rt_thread_timeout
                0x080027e0       0x5c build\kernel\src\thread.o
                0x080027e0                rt_thread_timeout
 .text.rt_list_init
                0x0800283c       0x20 build\kernel\src\timer.o
 .text.rt_list_insert_after
                0x0800285c       0x30 build\kernel\src\timer.o
 .text.rt_list_remove
                0x0800288c       0x34 build\kernel\src\timer.o
 .text.rt_list_isempty
                0x080028c0       0x24 build\kernel\src\timer.o
 .text._rt_timer_init
                0x080028e4       0x68 build\kernel\src\timer.o
 .text._rt_timer_remove
                0x0800294c       0x34 build\kernel\src\timer.o
 .text.rt_timer_init
                0x08002980       0x44 build\kernel\src\timer.o
                0x08002980                rt_timer_init
 .text.rt_timer_detach
                0x080029c4       0x40 build\kernel\src\timer.o
                0x080029c4                rt_timer_detach
 .text.rt_timer_start
                0x08002a04      0x1d8 build\kernel\src\timer.o
                0x08002a04                rt_timer_start
 .text.rt_timer_stop
                0x08002bdc       0x70 build\kernel\src\timer.o
                0x08002bdc                rt_timer_stop
 .text.rt_timer_control
                0x08002c4c       0x84 build\kernel\src\timer.o
                0x08002c4c                rt_timer_control
 .text.rt_timer_check
                0x08002cd0       0xb8 build\kernel\src\timer.o
                0x08002cd0                rt_timer_check
 .text.rt_system_timer_init
                0x08002d88       0x30 build\kernel\src\timer.o
                0x08002d88                rt_system_timer_init
 .text.rt_system_timer_thread_init
                0x08002db8        0xc build\kernel\src\timer.o
                0x08002db8                rt_system_timer_thread_init
 .text.rt_hw_stack_init
                0x08002dc4       0x88 build\kernel\libcpu\arm\cortex-m3\cpuport.o
                0x08002dc4                rt_hw_stack_init
 .text.rt_hw_hard_fault_exception
                0x08002e4c       0x34 build\kernel\libcpu\arm\cortex-m3\cpuport.o
                0x08002e4c                rt_hw_hard_fault_exception
 .text.rt_hw_serial_isr
                0x08002e80      0x1f8 build\kernel\components\drivers\serial\serial.o
                0x08002e80                rt_hw_serial_isr
 .text.rt_list_isempty
                0x08003078       0x24 build\kernel\components\drivers\src\completion.o
 .text.rt_completion_done
                0x0800309c       0x68 build\kernel\components\drivers\src\completion.o
                0x0800309c                rt_completion_done
 .text.rt_list_insert_before
                0x08003104       0x30 build\kernel\components\drivers\src\dataqueue.o
 .text.rt_list_isempty
                0x08003134       0x24 build\kernel\components\drivers\src\dataqueue.o
 .text.rt_data_queue_pop
                0x08003158      0x1d0 build\kernel\components\drivers\src\dataqueue.o
                0x08003158                rt_data_queue_pop
 .text.rt_data_queue_peak
                0x08003328       0x8c build\kernel\components\drivers\src\dataqueue.o
                0x08003328                rt_data_queue_peak
 .text.rti_start
                0x080033b4       0x10 build\kernel\components\init\components.o
 .text.rti_board_end
                0x080033c4       0x10 build\kernel\components\init\components.o
 .text.rti_end  0x080033d4       0x10 build\kernel\components\init\components.o
 .text.rt_components_board_init
                0x080033e4       0x30 build\kernel\components\init\components.o
                0x080033e4                rt_components_board_init
 .text.rt_components_init
                0x08003414       0x30 build\kernel\components\init\components.o
                0x08003414                rt_components_init
 *(.rodata)
 .rodata        0x08003444        0xc build\bsp\applications\application.o
 .rodata        0x08003450       0x3c build\bsp\Libraries\STM32F10x_StdPeriph_Driver\src\stm32f10x_rcc.o
 .rodata        0x0800348c       0x3c build\bsp\Libraries\STM32F10x_StdPeriph_Driver\src\stm32f10x_gpio.o
 .rodata        0x080034c8       0x3c build\bsp\Libraries\STM32F10x_StdPeriph_Driver\src\stm32f10x_usart.o
 .rodata        0x08003504       0x30 build\bsp\Libraries\STM32F10x_StdPeriph_Driver\src\misc.o
 .rodata        0x08003534        0x8 build\kernel\src\idle.o
 .rodata        0x0800353c        0x8 build\kernel\src\mem.o
 *(.rodata*)
 .rodata.__lowest_bit_bitmap
                0x08003544      0x100 build\kernel\src\kservice.o
                0x08003544                __lowest_bit_bitmap
 *(.glue_7)
 .glue_7        0x00000000        0x0 linker stubs
 *(.glue_7t)
 .glue_7t       0x00000000        0x0 linker stubs
 *(.gnu.linkonce.t*)
                0x08003644                . = ALIGN (0x4)
                0x08003644                __fsymtab_start = .
 *(FSymTab)
                0x08003644                __fsymtab_end = .
                0x08003644                . = ALIGN (0x4)
                0x08003644                __vsymtab_start = .
 *(VSymTab)
                0x08003644                __vsymtab_end = .
                0x08003644                . = ALIGN (0x4)
                0x08003644                . = ALIGN (0x4)
                0x08003644                __rt_init_start = .
 *(SORT(.rti_fn*))
 .rti_fn.0      0x08003644        0x4 build\kernel\components\init\components.o
                0x08003644                __rt_init_rti_start
 .rti_fn.1.post
                0x08003648        0x4 build\kernel\components\init\components.o
                0x08003648                __rt_init_rti_board_end
 .rti_fn.7      0x0800364c        0x4 build\kernel\components\init\components.o
                0x0800364c                __rt_init_rti_end
                0x08003650                __rt_init_end = .
                0x08003650                . = ALIGN (0x4)
                0x08003650                . = ALIGN (0x4)
                0x08003650                _etext = .
                0x08003650                __exidx_start = .

.vfp11_veneer   0x08003650        0x0
 .vfp11_veneer  0x00000000        0x0 linker stubs

.v4_bx          0x08003650        0x0
 .v4_bx         0x00000000        0x0 linker stubs

.iplt           0x08003650        0x0
 .iplt          0x00000000        0x0 d:/program files (x86)/gnu tools arm embedded/4.8 2014q3/bin/../lib/gcc/arm-none-eabi/4.8.4/armv7-m/crtbegin.o

.rel.dyn        0x08003650        0x0
 .rel.iplt      0x00000000        0x0 d:/program files (x86)/gnu tools arm embedded/4.8 2014q3/bin/../lib/gcc/arm-none-eabi/4.8.4/armv7-m/crtbegin.o

.ARM.exidx      0x08003650        0x0
 *(.ARM.exidx* .gnu.linkonce.armexidx.*)
                0x08003650                _sidata = .
                0x08003650                __exidx_end = .

.data           0x20000000       0xac load address 0x08003650
                0x20000000                . = ALIGN (0x4)
                0x20000000                _sdata = .
 *(.data)
 *(.data.*)
 .data.uart1    0x20000000        0x8 build\bsp\drivers\usart.o
                0x20000000                uart1
 .data.uart2    0x20000008        0x8 build\bsp\drivers\usart.o
                0x20000008                uart2
 .data.uart3    0x20000010        0x8 build\bsp\drivers\usart.o
                0x20000010                uart3
 .data.SystemCoreClock
                0x20000018        0x4 build\bsp\Libraries\CMSIS\CM3\DeviceSupport\ST\STM32F10x\system_stm32f10x.o
                0x20000018                SystemCoreClock
 .data.rt_object_container
                0x2000001c       0x90 build\kernel\src\object.o
                0x2000001c                rt_object_container
 *(.gnu.linkonce.d*)
                0x200000ac                . = ALIGN (0x4)
                0x200000ac                _edata = .

.igot.plt       0x200000ac        0x0 load address 0x080036fc
 .igot.plt      0x00000000        0x0 d:/program files (x86)/gnu tools arm embedded/4.8 2014q3/bin/../lib/gcc/arm-none-eabi/4.8.4/armv7-m/crtbegin.o

.stack          0x200000ac      0x100 load address 0x080036fc
                0x200001ac                . = (. + _system_stack_size)
 *fill*         0x200000ac      0x100 
                0x200001ac                . = ALIGN (0x4)
                0x200001ac                _estack = .
                0x200001ac                __bss_start = .

.bss            0x200001ac      0x698 load address 0x080037fc
                0x200001ac                . = ALIGN (0x4)
                0x200001ac                _sbss = .
 *(.bss)
 *(.bss.*)
 .bss.led_stack
                0x200001ac      0x200 build\bsp\applications\application.o
 .bss.led_thread
                0x200003ac       0x80 build\bsp\applications\application.o
 .bss.rt_tick   0x2000042c        0x4 build\kernel\src\clock.o
 .bss.idle      0x20000430       0x80 build\kernel\src\idle.o
 .bss.rt_thread_stack
                0x200004b0      0x100 build\kernel\src\idle.o
 .bss.rt_thread_idle_hook
                0x200005b0        0x4 build\kernel\src\idle.o
 .bss.rt_malloc_hook
                0x200005b4        0x4 build\kernel\src\mem.o
 .bss.rt_free_hook
                0x200005b8        0x4 build\kernel\src\mem.o
 .bss.heap_ptr  0x200005bc        0x4 build\kernel\src\mem.o
 .bss.heap_end  0x200005c0        0x4 build\kernel\src\mem.o
 .bss.lfree     0x200005c4        0x4 build\kernel\src\mem.o
 .bss.heap_sem  0x200005c8       0x20 build\kernel\src\mem.o
 .bss.mem_size_aligned
                0x200005e8        0x4 build\kernel\src\mem.o
 .bss.used_mem  0x200005ec        0x4 build\kernel\src\mem.o
 .bss.max_mem   0x200005f0        0x4 build\kernel\src\mem.o
 .bss.rt_object_attach_hook
                0x200005f4        0x4 build\kernel\src\object.o
 .bss.rt_object_detach_hook
                0x200005f8        0x4 build\kernel\src\object.o
 .bss.rt_scheduler_lock_nest
                0x200005fc        0x2 build\kernel\src\scheduler.o
 *fill*         0x200005fe        0x2 
 .bss.rt_scheduler_hook
                0x20000600        0x4 build\kernel\src\scheduler.o
 .bss.rt_timer_list
                0x20000604        0x8 build\kernel\src\timer.o
 .bss.rt_timer_timeout_hook
                0x2000060c        0x4 build\kernel\src\timer.o
 .bss.random_nr.4908
                0x20000610        0x4 build\kernel\src\timer.o
 .bss.rt_exception_hook
                0x20000614        0x4 build\kernel\libcpu\arm\cortex-m3\cpuport.o
 *(COMMON)
 COMMON         0x20000618       0xfc build\bsp\drivers\usart.o
                0x20000618                serial1
                0x2000066c                serial3
                0x200006c0                serial2
 COMMON         0x20000714        0x1 build\kernel\src\irq.o
                0x20000714                rt_interrupt_nest
 *fill*         0x20000715        0x3 
 COMMON         0x20000718        0xc build\kernel\src\object.o
                0x20000718                rt_object_put_hook
                0x2000071c                rt_object_take_hook
                0x20000720                rt_object_trytake_hook
 COMMON         0x20000724      0x114 build\kernel\src\scheduler.o
                0x20000724                rt_thread_priority_table
                0x20000824                rt_current_priority
                0x20000828                rt_current_thread
                0x2000082c                rt_thread_ready_priority_group
                0x20000830                rt_thread_defunct
 COMMON         0x20000838        0xc build\kernel\libcpu\arm\cortex-m3\cpuport.o
                0x20000838                rt_interrupt_to_thread
                0x2000083c                rt_interrupt_from_thread
                0x20000840                rt_thread_switch_interrupt_flag
                0x20000844                . = ALIGN (0x4)
                0x20000844                _ebss = .
 *(.bss.init)
                0x20000844                __bss_end = .
                0x20000844                _end = .

.stab
 *(.stab)

.stabstr
 *(.stabstr)

.stab.excl
 *(.stab.excl)

.stab.exclstr
 *(.stab.exclstr)

.stab.index
 *(.stab.index)

.stab.indexstr
 *(.stab.indexstr)

.comment        0x00000000       0x70
 *(.comment)
 .comment       0x00000000       0x70 build\bsp\applications\application.o
                                 0x71 (size before relaxing)
 .comment       0x00000000       0x71 build\bsp\applications\startup.o
 .comment       0x00000000       0x71 build\bsp\drivers\board.o
 .comment       0x00000000       0x71 build\bsp\drivers\stm32f10x_it.o
 .comment       0x00000000       0x71 build\bsp\drivers\led.o
 .comment       0x00000000       0x71 build\bsp\drivers\usart.o
 .comment       0x00000000       0x71 build\bsp\Libraries\CMSIS\CM3\DeviceSupport\ST\STM32F10x\system_stm32f10x.o
 .comment       0x00000000       0x71 build\bsp\Libraries\STM32F10x_StdPeriph_Driver\src\stm32f10x_rcc.o
 .comment       0x00000000       0x71 build\bsp\Libraries\STM32F10x_StdPeriph_Driver\src\stm32f10x_gpio.o
 .comment       0x00000000       0x71 build\bsp\Libraries\STM32F10x_StdPeriph_Driver\src\stm32f10x_usart.o
 .comment       0x00000000       0x71 build\bsp\Libraries\STM32F10x_StdPeriph_Driver\src\misc.o
 .comment       0x00000000       0x71 build\kernel\src\clock.o
 .comment       0x00000000       0x71 build\kernel\src\idle.o
 .comment       0x00000000       0x71 build\kernel\src\ipc.o
 .comment       0x00000000       0x71 build\kernel\src\irq.o
 .comment       0x00000000       0x71 build\kernel\src\kservice.o
 .comment       0x00000000       0x71 build\kernel\src\mem.o
 .comment       0x00000000       0x71 build\kernel\src\object.o
 .comment       0x00000000       0x71 build\kernel\src\scheduler.o
 .comment       0x00000000       0x71 build\kernel\src\thread.o
 .comment       0x00000000       0x71 build\kernel\src\timer.o
 .comment       0x00000000       0x71 build\kernel\libcpu\arm\cortex-m3\cpuport.o
 .comment       0x00000000       0x71 build\kernel\components\drivers\serial\serial.o
 .comment       0x00000000       0x71 build\kernel\components\drivers\src\completion.o
 .comment       0x00000000       0x71 build\kernel\components\drivers\src\dataqueue.o
 .comment       0x00000000       0x71 build\kernel\components\init\components.o

.ARM.attributes
                0x00000000       0x29
 .ARM.attributes
                0x00000000       0x33 build\bsp\applications\application.o
 .ARM.attributes
                0x00000033       0x33 build\bsp\applications\startup.o
 .ARM.attributes
                0x00000066       0x33 build\bsp\drivers\board.o
 .ARM.attributes
                0x00000099       0x33 build\bsp\drivers\stm32f10x_it.o
 .ARM.attributes
                0x000000cc       0x33 build\bsp\drivers\led.o
 .ARM.attributes
                0x000000ff       0x33 build\bsp\drivers\usart.o
 .ARM.attributes
                0x00000132       0x33 build\bsp\Libraries\CMSIS\CM3\DeviceSupport\ST\STM32F10x\system_stm32f10x.o
 .ARM.attributes
                0x00000165       0x33 build\bsp\Libraries\STM32F10x_StdPeriph_Driver\src\stm32f10x_rcc.o
 .ARM.attributes
                0x00000198       0x33 build\bsp\Libraries\STM32F10x_StdPeriph_Driver\src\stm32f10x_gpio.o
 .ARM.attributes
                0x000001cb       0x33 build\bsp\Libraries\STM32F10x_StdPeriph_Driver\src\stm32f10x_usart.o
 .ARM.attributes
                0x000001fe       0x33 build\bsp\Libraries\STM32F10x_StdPeriph_Driver\src\misc.o
 .ARM.attributes
                0x00000231       0x21 build\bsp\Libraries\CMSIS\CM3\DeviceSupport\ST\STM32F10x\startup\gcc_ride7\startup_stm32f10x_md_vl.o
 .ARM.attributes
                0x00000252       0x33 build\kernel\src\clock.o
 .ARM.attributes
                0x00000285       0x33 build\kernel\src\idle.o
 .ARM.attributes
                0x000002b8       0x33 build\kernel\src\ipc.o
 .ARM.attributes
                0x000002eb       0x33 build\kernel\src\irq.o
 .ARM.attributes
                0x0000031e       0x33 build\kernel\src\kservice.o
 .ARM.attributes
                0x00000351       0x33 build\kernel\src\mem.o
 .ARM.attributes
                0x00000384       0x33 build\kernel\src\object.o
 .ARM.attributes
                0x000003b7       0x33 build\kernel\src\scheduler.o
 .ARM.attributes
                0x000003ea       0x33 build\kernel\src\thread.o
 .ARM.attributes
                0x0000041d       0x33 build\kernel\src\timer.o
 .ARM.attributes
                0x00000450       0x33 build\kernel\libcpu\arm\cortex-m3\cpuport.o
 .ARM.attributes
                0x00000483       0x21 build\kernel\libcpu\arm\cortex-m3\context_gcc.o
 .ARM.attributes
                0x000004a4       0x33 build\kernel\components\drivers\serial\serial.o
 .ARM.attributes
                0x000004d7       0x33 build\kernel\components\drivers\src\completion.o
 .ARM.attributes
                0x0000050a       0x33 build\kernel\components\drivers\src\dataqueue.o
 .ARM.attributes
                0x0000053d       0x33 build\kernel\components\init\components.o

.debug
 *(.debug)

.line
 *(.line)

.debug_srcinfo
 *(.debug_srcinfo)

.debug_sfnames
 *(.debug_sfnames)

.debug_aranges  0x00000000      0xcb8
 *(.debug_aranges)
 .debug_aranges
                0x00000000       0x30 build\bsp\applications\application.o
 .debug_aranges
                0x00000030       0x30 build\bsp\applications\startup.o
 .debug_aranges
                0x00000060       0x40 build\bsp\drivers\board.o
 .debug_aranges
                0x000000a0       0x48 build\bsp\drivers\stm32f10x_it.o
 .debug_aranges
                0x000000e8       0x30 build\bsp\drivers\led.o
 .debug_aranges
                0x00000118       0x80 build\bsp\drivers\usart.o
 .debug_aranges
                0x00000198       0x38 build\bsp\Libraries\CMSIS\CM3\DeviceSupport\ST\STM32F10x\system_stm32f10x.o
 .debug_aranges
                0x000001d0      0x120 build\bsp\Libraries\STM32F10x_StdPeriph_Driver\src\stm32f10x_rcc.o
 .debug_aranges
                0x000002f0       0xa8 build\bsp\Libraries\STM32F10x_StdPeriph_Driver\src\stm32f10x_gpio.o
 .debug_aranges
                0x00000398      0x100 build\bsp\Libraries\STM32F10x_StdPeriph_Driver\src\stm32f10x_usart.o
 .debug_aranges
                0x00000498       0x40 build\bsp\Libraries\STM32F10x_StdPeriph_Driver\src\misc.o
 .debug_aranges
                0x000004d8       0x28 build\bsp\Libraries\CMSIS\CM3\DeviceSupport\ST\STM32F10x\startup\gcc_ride7\startup_stm32f10x_md_vl.o
 .debug_aranges
                0x00000500       0x40 build\kernel\src\clock.o
 .debug_aranges
                0x00000540       0x48 build\kernel\src\idle.o
 .debug_aranges
                0x00000588      0x180 build\kernel\src\ipc.o
 .debug_aranges
                0x00000708       0x30 build\kernel\src\irq.o
 .debug_aranges
                0x00000738       0xe0 build\kernel\src\kservice.o
 .debug_aranges
                0x00000818       0x60 build\kernel\src\mem.o
 .debug_aranges
                0x00000878       0x90 build\kernel\src\object.o
 .debug_aranges
                0x00000908       0x88 build\kernel\src\scheduler.o
 .debug_aranges
                0x00000990       0xb8 build\kernel\src\thread.o
 .debug_aranges
                0x00000a48       0xb0 build\kernel\src\timer.o
 .debug_aranges
                0x00000af8       0x38 build\kernel\libcpu\arm\cortex-m3\cpuport.o
 .debug_aranges
                0x00000b30       0x20 build\kernel\libcpu\arm\cortex-m3\context_gcc.o
 .debug_aranges
                0x00000b50       0x88 build\kernel\components\drivers\serial\serial.o
 .debug_aranges
                0x00000bd8       0x48 build\kernel\components\drivers\src\completion.o
 .debug_aranges
                0x00000c20       0x58 build\kernel\components\drivers\src\dataqueue.o
 .debug_aranges
                0x00000c78       0x40 build\kernel\components\init\components.o

.debug_pubnames
 *(.debug_pubnames)

.debug_info     0x00000000     0xc7db
 *(.debug_info .gnu.linkonce.wi.*)
 .debug_info    0x00000000      0x460 build\bsp\applications\application.o
 .debug_info    0x00000460      0x15d build\bsp\applications\startup.o
 .debug_info    0x000005bd      0x625 build\bsp\drivers\board.o
 .debug_info    0x00000be2      0x124 build\bsp\drivers\stm32f10x_it.o
 .debug_info    0x00000d06      0x286 build\bsp\drivers\led.o
 .debug_info    0x00000f8c      0xf7a build\bsp\drivers\usart.o
 .debug_info    0x00001f06      0x47b build\bsp\Libraries\CMSIS\CM3\DeviceSupport\ST\STM32F10x\system_stm32f10x.o
 .debug_info    0x00002381      0x9cb build\bsp\Libraries\STM32F10x_StdPeriph_Driver\src\stm32f10x_rcc.o
 .debug_info    0x00002d4c      0x775 build\bsp\Libraries\STM32F10x_StdPeriph_Driver\src\stm32f10x_gpio.o
 .debug_info    0x000034c1      0xabd build\bsp\Libraries\STM32F10x_StdPeriph_Driver\src\stm32f10x_usart.o
 .debug_info    0x00003f7e      0x5b7 build\bsp\Libraries\STM32F10x_StdPeriph_Driver\src\misc.o
 .debug_info    0x00004535       0xa6 build\bsp\Libraries\CMSIS\CM3\DeviceSupport\ST\STM32F10x\startup\gcc_ride7\startup_stm32f10x_md_vl.o
 .debug_info    0x000045db      0x416 build\kernel\src\clock.o
 .debug_info    0x000049f1      0x50f build\kernel\src\idle.o
 .debug_info    0x00004f00     0x1d51 build\kernel\src\ipc.o
 .debug_info    0x00006c51      0x102 build\kernel\src\irq.o
 .debug_info    0x00006d53      0xd92 build\kernel\src\kservice.o
 .debug_info    0x00007ae5      0x7ab build\kernel\src\mem.o
 .debug_info    0x00008290      0x684 build\kernel\src\object.o
 .debug_info    0x00008914      0x718 build\kernel\src\scheduler.o
 .debug_info    0x0000902c      0xb46 build\kernel\src\thread.o
 .debug_info    0x00009b72      0x864 build\kernel\src\timer.o
 .debug_info    0x0000a3d6      0x372 build\kernel\libcpu\arm\cortex-m3\cpuport.o
 .debug_info    0x0000a748       0x91 build\kernel\libcpu\arm\cortex-m3\context_gcc.o
 .debug_info    0x0000a7d9     0x10bc build\kernel\components\drivers\serial\serial.o
 .debug_info    0x0000b895      0x5b5 build\kernel\components\drivers\src\completion.o
 .debug_info    0x0000be4a      0x833 build\kernel\components\drivers\src\dataqueue.o
 .debug_info    0x0000c67d      0x15e build\kernel\components\init\components.o

.debug_abbrev   0x00000000     0x2928
 *(.debug_abbrev)
 .debug_abbrev  0x00000000      0x132 build\bsp\applications\application.o
 .debug_abbrev  0x00000132       0xd3 build\bsp\applications\startup.o
 .debug_abbrev  0x00000205      0x13a build\bsp\drivers\board.o
 .debug_abbrev  0x0000033f       0x69 build\bsp\drivers\stm32f10x_it.o
 .debug_abbrev  0x000003a8      0x100 build\bsp\drivers\led.o
 .debug_abbrev  0x000004a8      0x2b4 build\bsp\drivers\usart.o
 .debug_abbrev  0x0000075c      0x150 build\bsp\Libraries\CMSIS\CM3\DeviceSupport\ST\STM32F10x\system_stm32f10x.o
 .debug_abbrev  0x000008ac      0x1bc build\bsp\Libraries\STM32F10x_StdPeriph_Driver\src\stm32f10x_rcc.o
 .debug_abbrev  0x00000a68      0x1cc build\bsp\Libraries\STM32F10x_StdPeriph_Driver\src\stm32f10x_gpio.o
 .debug_abbrev  0x00000c34      0x180 build\bsp\Libraries\STM32F10x_StdPeriph_Driver\src\stm32f10x_usart.o
 .debug_abbrev  0x00000db4      0x12b build\bsp\Libraries\STM32F10x_StdPeriph_Driver\src\misc.o
 .debug_abbrev  0x00000edf       0x12 build\bsp\Libraries\CMSIS\CM3\DeviceSupport\ST\STM32F10x\startup\gcc_ride7\startup_stm32f10x_md_vl.o
 .debug_abbrev  0x00000ef1      0x13a build\kernel\src\clock.o
 .debug_abbrev  0x0000102b      0x1b2 build\kernel\src\idle.o
 .debug_abbrev  0x000011dd      0x208 build\kernel\src\ipc.o
 .debug_abbrev  0x000013e5       0x94 build\kernel\src\irq.o
 .debug_abbrev  0x00001479      0x268 build\kernel\src\kservice.o
 .debug_abbrev  0x000016e1      0x1f0 build\kernel\src\mem.o
 .debug_abbrev  0x000018d1      0x1f7 build\kernel\src\object.o
 .debug_abbrev  0x00001ac8      0x1e6 build\kernel\src\scheduler.o
 .debug_abbrev  0x00001cae      0x216 build\kernel\src\thread.o
 .debug_abbrev  0x00001ec4      0x2a0 build\kernel\src\timer.o
 .debug_abbrev  0x00002164      0x18f build\kernel\libcpu\arm\cortex-m3\cpuport.o
 .debug_abbrev  0x000022f3       0x14 build\kernel\libcpu\arm\cortex-m3\context_gcc.o
 .debug_abbrev  0x00002307      0x20b build\kernel\components\drivers\serial\serial.o
 .debug_abbrev  0x00002512      0x19f build\kernel\components\drivers\src\completion.o
 .debug_abbrev  0x000026b1      0x1d3 build\kernel\components\drivers\src\dataqueue.o
 .debug_abbrev  0x00002884       0xa4 build\kernel\components\init\components.o

.debug_line     0x00000000     0x4b27
 *(.debug_line)
 .debug_line    0x00000000      0x154 build\bsp\applications\application.o
 .debug_line    0x00000154      0x175 build\bsp\applications\startup.o
 .debug_line    0x000002c9      0x1b3 build\bsp\drivers\board.o
 .debug_line    0x0000047c      0x163 build\bsp\drivers\stm32f10x_it.o
 .debug_line    0x000005df      0x1b1 build\bsp\drivers\led.o
 .debug_line    0x00000790      0x367 build\bsp\drivers\usart.o
 .debug_line    0x00000af7      0x1cd build\bsp\Libraries\CMSIS\CM3\DeviceSupport\ST\STM32F10x\system_stm32f10x.o
 .debug_line    0x00000cc4      0x5c8 build\bsp\Libraries\STM32F10x_StdPeriph_Driver\src\stm32f10x_rcc.o
 .debug_line    0x0000128c      0x456 build\bsp\Libraries\STM32F10x_StdPeriph_Driver\src\stm32f10x_gpio.o
 .debug_line    0x000016e2      0x670 build\bsp\Libraries\STM32F10x_StdPeriph_Driver\src\stm32f10x_usart.o
 .debug_line    0x00001d52      0x232 build\bsp\Libraries\STM32F10x_StdPeriph_Driver\src\misc.o
 .debug_line    0x00001f84       0xb6 build\bsp\Libraries\CMSIS\CM3\DeviceSupport\ST\STM32F10x\startup\gcc_ride7\startup_stm32f10x_md_vl.o
 .debug_line    0x0000203a       0xdc build\kernel\src\clock.o
 .debug_line    0x00002116      0x13a build\kernel\src\idle.o
 .debug_line    0x00002250      0x9cd build\kernel\src\ipc.o
 .debug_line    0x00002c1d       0xb4 build\kernel\src\irq.o
 .debug_line    0x00002cd1      0x53c build\kernel\src\kservice.o
 .debug_line    0x0000320d      0x2c1 build\kernel\src\mem.o
 .debug_line    0x000034ce      0x26e build\kernel\src\object.o
 .debug_line    0x0000373c      0x220 build\kernel\src\scheduler.o
 .debug_line    0x0000395c      0x322 build\kernel\src\thread.o
 .debug_line    0x00003c7e      0x313 build\kernel\src\timer.o
 .debug_line    0x00003f91      0x108 build\kernel\libcpu\arm\cortex-m3\cpuport.o
 .debug_line    0x00004099       0xd9 build\kernel\libcpu\arm\cortex-m3\context_gcc.o
 .debug_line    0x00004172      0x462 build\kernel\components\drivers\serial\serial.o
 .debug_line    0x000045d4      0x1ae build\kernel\components\drivers\src\completion.o
 .debug_line    0x00004782      0x298 build\kernel\components\drivers\src\dataqueue.o
 .debug_line    0x00004a1a      0x10d build\kernel\components\init\components.o

.debug_frame    0x00000000     0x27e8
 *(.debug_frame)
 .debug_frame   0x00000000       0x70 build\bsp\applications\application.o
 .debug_frame   0x00000070       0x64 build\bsp\applications\startup.o
 .debug_frame   0x000000d4       0xa0 build\bsp\drivers\board.o
 .debug_frame   0x00000174       0xa0 build\bsp\drivers\stm32f10x_it.o
 .debug_frame   0x00000214       0x70 build\bsp\drivers\led.o
 .debug_frame   0x00000284      0x19c build\bsp\drivers\usart.o
 .debug_frame   0x00000420       0x80 build\bsp\Libraries\CMSIS\CM3\DeviceSupport\ST\STM32F10x\system_stm32f10x.o
 .debug_frame   0x000004a0      0x414 build\bsp\Libraries\STM32F10x_StdPeriph_Driver\src\stm32f10x_rcc.o
 .debug_frame   0x000008b4      0x248 build\bsp\Libraries\STM32F10x_StdPeriph_Driver\src\stm32f10x_gpio.o
 .debug_frame   0x00000afc      0x3a8 build\bsp\Libraries\STM32F10x_StdPeriph_Driver\src\stm32f10x_usart.o
 .debug_frame   0x00000ea4       0xb0 build\bsp\Libraries\STM32F10x_StdPeriph_Driver\src\misc.o
 .debug_frame   0x00000f54       0x9c build\kernel\src\clock.o
 .debug_frame   0x00000ff0       0xc4 build\kernel\src\idle.o
 .debug_frame   0x000010b4      0x5ac build\kernel\src\ipc.o
 .debug_frame   0x00001660       0x68 build\kernel\src\irq.o
 .debug_frame   0x000016c8      0x310 build\kernel\src\kservice.o
 .debug_frame   0x000019d8      0x120 build\kernel\src\mem.o
 .debug_frame   0x00001af8      0x1c4 build\kernel\src\object.o
 .debug_frame   0x00001cbc      0x1b4 build\kernel\src\scheduler.o
 .debug_frame   0x00001e70      0x278 build\kernel\src\thread.o
 .debug_frame   0x000020e8      0x24c build\kernel\src\timer.o
 .debug_frame   0x00002334       0x84 build\kernel\libcpu\arm\cortex-m3\cpuport.o
 .debug_frame   0x000023b8      0x1d0 build\kernel\components\drivers\serial\serial.o
 .debug_frame   0x00002588       0xc4 build\kernel\components\drivers\src\completion.o
 .debug_frame   0x0000264c      0x104 build\kernel\components\drivers\src\dataqueue.o
 .debug_frame   0x00002750       0x98 build\kernel\components\init\components.o

.debug_str      0x00000000     0x3121
 *(.debug_str)
 .debug_str     0x00000000      0x2ea build\bsp\applications\application.o
                                0x36e (size before relaxing)
 .debug_str     0x000002ea       0x4f build\bsp\applications\startup.o
                                0x1d6 (size before relaxing)
 .debug_str     0x00000339      0x3fa build\bsp\drivers\board.o
                                0x58f (size before relaxing)
 .debug_str     0x00000733       0x76 build\bsp\drivers\stm32f10x_it.o
                                0x1d5 (size before relaxing)
 .debug_str     0x000007a9      0x177 build\bsp\drivers\led.o
                                0x300 (size before relaxing)
 .debug_str     0x00000920      0x522 build\bsp\drivers\usart.o
                                0xbde (size before relaxing)
 .debug_str     0x00000e42       0xfd build\bsp\Libraries\CMSIS\CM3\DeviceSupport\ST\STM32F10x\system_stm32f10x.o
                                0x31b (size before relaxing)
 .debug_str     0x00000f3f      0x42f build\bsp\Libraries\STM32F10x_StdPeriph_Driver\src\stm32f10x_rcc.o
                                0x6a7 (size before relaxing)
 .debug_str     0x0000136e      0x257 build\bsp\Libraries\STM32F10x_StdPeriph_Driver\src\stm32f10x_gpio.o
                                0x553 (size before relaxing)
 .debug_str     0x000015c5      0x3a1 build\bsp\Libraries\STM32F10x_StdPeriph_Driver\src\stm32f10x_usart.o
                                0x6ca (size before relaxing)
 .debug_str     0x00001966      0x103 build\bsp\Libraries\STM32F10x_StdPeriph_Driver\src\misc.o
                                0x3f7 (size before relaxing)
 .debug_str     0x00001a69       0x89 build\kernel\src\clock.o
                                0x328 (size before relaxing)
 .debug_str     0x00001af2       0xea build\kernel\src\idle.o
                                0x3a0 (size before relaxing)
 .debug_str     0x00001bdc      0x5a2 build\kernel\src\ipc.o
                                0x87c (size before relaxing)
 .debug_str     0x0000217e       0x77 build\kernel\src\irq.o
                                0x1ac (size before relaxing)
 .debug_str     0x000021f5      0x23a build\kernel\src\kservice.o
                                0x52e (size before relaxing)
 .debug_str     0x0000242f      0x168 build\kernel\src\mem.o
                                0x35b (size before relaxing)
 .debug_str     0x00002597      0x1c5 build\kernel\src\object.o
                                0x4f4 (size before relaxing)
 .debug_str     0x0000275c      0x1a4 build\kernel\src\scheduler.o
                                0x4dc (size before relaxing)
 .debug_str     0x00002900      0x131 build\kernel\src\thread.o
                                0x613 (size before relaxing)
 .debug_str     0x00002a31      0x196 build\kernel\src\timer.o
                                0x53a (size before relaxing)
 .debug_str     0x00002bc7      0x159 build\kernel\libcpu\arm\cortex-m3\cpuport.o
                                0x2cb (size before relaxing)
 .debug_str     0x00002d20      0x226 build\kernel\components\drivers\serial\serial.o
                                0x757 (size before relaxing)
 .debug_str     0x00002f46       0x83 build\kernel\components\drivers\src\completion.o
                                0x3a4 (size before relaxing)
 .debug_str     0x00002fc9       0xa1 build\kernel\components\drivers\src\dataqueue.o
                                0x44a (size before relaxing)
 .debug_str     0x0000306a       0xb7 build\kernel\components\init\components.o
                                0x1f1 (size before relaxing)

.debug_loc      0x00000000     0x4488
 *(.debug_loc)
 .debug_loc     0x00000000       0xa8 build\bsp\applications\application.o
 .debug_loc     0x000000a8       0x90 build\bsp\applications\startup.o
 .debug_loc     0x00000138       0xf4 build\bsp\drivers\board.o
 .debug_loc     0x0000022c      0x108 build\bsp\drivers\stm32f10x_it.o
 .debug_loc     0x00000334       0xa8 build\bsp\drivers\led.o
 .debug_loc     0x000003dc      0x2cc build\bsp\drivers\usart.o
 .debug_loc     0x000006a8       0xc8 build\bsp\Libraries\CMSIS\CM3\DeviceSupport\ST\STM32F10x\system_stm32f10x.o
 .debug_loc     0x00000770      0x714 build\bsp\Libraries\STM32F10x_StdPeriph_Driver\src\stm32f10x_rcc.o
 .debug_loc     0x00000e84      0x3e4 build\bsp\Libraries\STM32F10x_StdPeriph_Driver\src\stm32f10x_gpio.o
 .debug_loc     0x00001268      0x658 build\bsp\Libraries\STM32F10x_StdPeriph_Driver\src\stm32f10x_usart.o
 .debug_loc     0x000018c0      0x118 build\bsp\Libraries\STM32F10x_StdPeriph_Driver\src\misc.o
 .debug_loc     0x000019d8      0x100 build\kernel\src\clock.o
 .debug_loc     0x00001ad8      0x150 build\kernel\src\idle.o
 .debug_loc     0x00001c28      0x9da build\kernel\src\ipc.o
 .debug_loc     0x00002602       0x9c build\kernel\src\irq.o
 .debug_loc     0x0000269e      0x588 build\kernel\src\kservice.o
 .debug_loc     0x00002c26      0x1f8 build\kernel\src\mem.o
 .debug_loc     0x00002e1e      0x33c build\kernel\src\object.o
 .debug_loc     0x0000315a      0x2d4 build\kernel\src\scheduler.o
 .debug_loc     0x0000342e      0x454 build\kernel\src\thread.o
 .debug_loc     0x00003882      0x410 build\kernel\src\timer.o
 .debug_loc     0x00003c92       0xe0 build\kernel\libcpu\arm\cortex-m3\cpuport.o
 .debug_loc     0x00003d72      0x312 build\kernel\components\drivers\serial\serial.o
 .debug_loc     0x00004084      0x150 build\kernel\components\drivers\src\completion.o
 .debug_loc     0x000041d4      0x1c0 build\kernel\components\drivers\src\dataqueue.o
 .debug_loc     0x00004394       0xf4 build\kernel\components\init\components.o

.debug_macinfo
 *(.debug_macinfo)

.debug_weaknames
 *(.debug_weaknames)

.debug_funcnames
 *(.debug_funcnames)

.debug_typenames
 *(.debug_typenames)

.debug_varnames
 *(.debug_varnames)
OUTPUT(rtthread-stm32.axf elf32-littlearm)

.debug_ranges   0x00000000      0xaf0
 .debug_ranges  0x00000000       0x20 build\bsp\applications\application.o
 .debug_ranges  0x00000020       0x20 build\bsp\applications\startup.o
 .debug_ranges  0x00000040       0x30 build\bsp\drivers\board.o
 .debug_ranges  0x00000070       0x38 build\bsp\drivers\stm32f10x_it.o
 .debug_ranges  0x000000a8       0x20 build\bsp\drivers\led.o
 .debug_ranges  0x000000c8       0x70 build\bsp\drivers\usart.o
 .debug_ranges  0x00000138       0x28 build\bsp\Libraries\CMSIS\CM3\DeviceSupport\ST\STM32F10x\system_stm32f10x.o
 .debug_ranges  0x00000160      0x110 build\bsp\Libraries\STM32F10x_StdPeriph_Driver\src\stm32f10x_rcc.o
 .debug_ranges  0x00000270       0x98 build\bsp\Libraries\STM32F10x_StdPeriph_Driver\src\stm32f10x_gpio.o
 .debug_ranges  0x00000308       0xf0 build\bsp\Libraries\STM32F10x_StdPeriph_Driver\src\stm32f10x_usart.o
 .debug_ranges  0x000003f8       0x30 build\bsp\Libraries\STM32F10x_StdPeriph_Driver\src\misc.o
 .debug_ranges  0x00000428       0x20 build\bsp\Libraries\CMSIS\CM3\DeviceSupport\ST\STM32F10x\startup\gcc_ride7\startup_stm32f10x_md_vl.o
 .debug_ranges  0x00000448       0x30 build\kernel\src\clock.o
 .debug_ranges  0x00000478       0x38 build\kernel\src\idle.o
 .debug_ranges  0x000004b0      0x170 build\kernel\src\ipc.o
 .debug_ranges  0x00000620       0x20 build\kernel\src\irq.o
 .debug_ranges  0x00000640       0xd0 build\kernel\src\kservice.o
 .debug_ranges  0x00000710       0x50 build\kernel\src\mem.o
 .debug_ranges  0x00000760       0x80 build\kernel\src\object.o
 .debug_ranges  0x000007e0       0x78 build\kernel\src\scheduler.o
 .debug_ranges  0x00000858       0xa8 build\kernel\src\thread.o
 .debug_ranges  0x00000900       0xa0 build\kernel\src\timer.o
 .debug_ranges  0x000009a0       0x28 build\kernel\libcpu\arm\cortex-m3\cpuport.o
 .debug_ranges  0x000009c8       0x78 build\kernel\components\drivers\serial\serial.o
 .debug_ranges  0x00000a40       0x38 build\kernel\components\drivers\src\completion.o
 .debug_ranges  0x00000a78       0x48 build\kernel\components\drivers\src\dataqueue.o
 .debug_ranges  0x00000ac0       0x30 build\kernel\components\init\components.o

Cross Reference Table

Symbol                                            File
ADC1_IRQHandler                                   build\bsp\Libraries\CMSIS\CM3\DeviceSupport\ST\STM32F10x\startup\gcc_ride7\startup_stm32f10x_md_vl.o
ADC_AnalogWatchdogCmd                             build\bsp\Libraries\STM32F10x_StdPeriph_Driver\src\stm32f10x_adc.o
ADC_AnalogWatchdogSingleChannelConfig             build\bsp\Libraries\STM32F10x_StdPeriph_Driver\src\stm32f10x_adc.o
ADC_AnalogWatchdogThresholdsConfig                build\bsp\Libraries\STM32F10x_StdPeriph_Driver\src\stm32f10x_adc.o
ADC_AutoInjectedConvCmd                           build\bsp\Libraries\STM32F10x_StdPeriph_Driver\src\stm32f10x_adc.o
ADC_ClearFlag                                     build\bsp\Libraries\STM32F10x_StdPeriph_Driver\src\stm32f10x_adc.o
ADC_ClearITPendingBit                             build\bsp\Libraries\STM32F10x_StdPeriph_Driver\src\stm32f10x_adc.o
ADC_Cmd                                           build\bsp\Libraries\STM32F10x_StdPeriph_Driver\src\stm32f10x_adc.o
ADC_DMACmd                                        build\bsp\Libraries\STM32F10x_StdPeriph_Driver\src\stm32f10x_adc.o
ADC_DeInit                                        build\bsp\Libraries\STM32F10x_StdPeriph_Driver\src\stm32f10x_adc.o
ADC_DiscModeChannelCountConfig                    build\bsp\Libraries\STM32F10x_StdPeriph_Driver\src\stm32f10x_adc.o
ADC_DiscModeCmd                                   build\bsp\Libraries\STM32F10x_StdPeriph_Driver\src\stm32f10x_adc.o
ADC_ExternalTrigConvCmd                           build\bsp\Libraries\STM32F10x_StdPeriph_Driver\src\stm32f10x_adc.o
ADC_ExternalTrigInjectedConvCmd                   build\bsp\Libraries\STM32F10x_StdPeriph_Driver\src\stm32f10x_adc.o
ADC_ExternalTrigInjectedConvConfig                build\bsp\Libraries\STM32F10x_StdPeriph_Driver\src\stm32f10x_adc.o
ADC_GetCalibrationStatus                          build\bsp\Libraries\STM32F10x_StdPeriph_Driver\src\stm32f10x_adc.o
ADC_GetConversionValue                            build\bsp\Libraries\STM32F10x_StdPeriph_Driver\src\stm32f10x_adc.o
ADC_GetDualModeConversionValue                    build\bsp\Libraries\STM32F10x_StdPeriph_Driver\src\stm32f10x_adc.o
ADC_GetFlagStatus                                 build\bsp\Libraries\STM32F10x_StdPeriph_Driver\src\stm32f10x_adc.o
ADC_GetITStatus                                   build\bsp\Libraries\STM32F10x_StdPeriph_Driver\src\stm32f10x_adc.o
ADC_GetInjectedConversionValue                    build\bsp\Libraries\STM32F10x_StdPeriph_Driver\src\stm32f10x_adc.o
ADC_GetResetCalibrationStatus                     build\bsp\Libraries\STM32F10x_StdPeriph_Driver\src\stm32f10x_adc.o
ADC_GetSoftwareStartConvStatus                    build\bsp\Libraries\STM32F10x_StdPeriph_Driver\src\stm32f10x_adc.o
ADC_GetSoftwareStartInjectedConvCmdStatus         build\bsp\Libraries\STM32F10x_StdPeriph_Driver\src\stm32f10x_adc.o
ADC_ITConfig                                      build\bsp\Libraries\STM32F10x_StdPeriph_Driver\src\stm32f10x_adc.o
ADC_Init                                          build\bsp\Libraries\STM32F10x_StdPeriph_Driver\src\stm32f10x_adc.o
ADC_InjectedChannelConfig                         build\bsp\Libraries\STM32F10x_StdPeriph_Driver\src\stm32f10x_adc.o
ADC_InjectedDiscModeCmd                           build\bsp\Libraries\STM32F10x_StdPeriph_Driver\src\stm32f10x_adc.o
ADC_InjectedSequencerLengthConfig                 build\bsp\Libraries\STM32F10x_StdPeriph_Driver\src\stm32f10x_adc.o
ADC_RegularChannelConfig                          build\bsp\Libraries\STM32F10x_StdPeriph_Driver\src\stm32f10x_adc.o
ADC_ResetCalibration                              build\bsp\Libraries\STM32F10x_StdPeriph_Driver\src\stm32f10x_adc.o
ADC_SetInjectedOffset                             build\bsp\Libraries\STM32F10x_StdPeriph_Driver\src\stm32f10x_adc.o
ADC_SoftwareStartConvCmd                          build\bsp\Libraries\STM32F10x_StdPeriph_Driver\src\stm32f10x_adc.o
ADC_SoftwareStartInjectedConvCmd                  build\bsp\Libraries\STM32F10x_StdPeriph_Driver\src\stm32f10x_adc.o
ADC_StartCalibration                              build\bsp\Libraries\STM32F10x_StdPeriph_Driver\src\stm32f10x_adc.o
ADC_StructInit                                    build\bsp\Libraries\STM32F10x_StdPeriph_Driver\src\stm32f10x_adc.o
ADC_TempSensorVrefintCmd                          build\bsp\Libraries\STM32F10x_StdPeriph_Driver\src\stm32f10x_adc.o
AHBPrescTable                                     build\bsp\Libraries\CMSIS\CM3\DeviceSupport\ST\STM32F10x\system_stm32f10x.o
BKP_ClearFlag                                     build\bsp\Libraries\STM32F10x_StdPeriph_Driver\src\stm32f10x_bkp.o
BKP_ClearITPendingBit                             build\bsp\Libraries\STM32F10x_StdPeriph_Driver\src\stm32f10x_bkp.o
BKP_DeInit                                        build\bsp\Libraries\STM32F10x_StdPeriph_Driver\src\stm32f10x_bkp.o
BKP_GetFlagStatus                                 build\bsp\Libraries\STM32F10x_StdPeriph_Driver\src\stm32f10x_bkp.o
BKP_GetITStatus                                   build\bsp\Libraries\STM32F10x_StdPeriph_Driver\src\stm32f10x_bkp.o
BKP_ITConfig                                      build\bsp\Libraries\STM32F10x_StdPeriph_Driver\src\stm32f10x_bkp.o
BKP_RTCOutputConfig                               build\bsp\Libraries\STM32F10x_StdPeriph_Driver\src\stm32f10x_bkp.o
BKP_ReadBackupRegister                            build\bsp\Libraries\STM32F10x_StdPeriph_Driver\src\stm32f10x_bkp.o
BKP_SetRTCCalibrationValue                        build\bsp\Libraries\STM32F10x_StdPeriph_Driver\src\stm32f10x_bkp.o
BKP_TamperPinCmd                                  build\bsp\Libraries\STM32F10x_StdPeriph_Driver\src\stm32f10x_bkp.o
BKP_TamperPinLevelConfig                          build\bsp\Libraries\STM32F10x_StdPeriph_Driver\src\stm32f10x_bkp.o
BKP_WriteBackupRegister                           build\bsp\Libraries\STM32F10x_StdPeriph_Driver\src\stm32f10x_bkp.o
BusFault_Handler                                  build\bsp\drivers\stm32f10x_it.o
CAN_CancelTransmit                                build\bsp\Libraries\STM32F10x_StdPeriph_Driver\src\stm32f10x_can.o
CAN_ClearFlag                                     build\bsp\Libraries\STM32F10x_StdPeriph_Driver\src\stm32f10x_can.o
CAN_ClearITPendingBit                             build\bsp\Libraries\STM32F10x_StdPeriph_Driver\src\stm32f10x_can.o
CAN_DBGFreeze                                     build\bsp\Libraries\STM32F10x_StdPeriph_Driver\src\stm32f10x_can.o
CAN_DeInit                                        build\bsp\Libraries\STM32F10x_StdPeriph_Driver\src\stm32f10x_can.o
CAN_FIFORelease                                   build\bsp\Libraries\STM32F10x_StdPeriph_Driver\src\stm32f10x_can.o
CAN_FilterInit                                    build\bsp\Libraries\STM32F10x_StdPeriph_Driver\src\stm32f10x_can.o
CAN_GetFlagStatus                                 build\bsp\Libraries\STM32F10x_StdPeriph_Driver\src\stm32f10x_can.o
CAN_GetITStatus                                   build\bsp\Libraries\STM32F10x_StdPeriph_Driver\src\stm32f10x_can.o
CAN_GetLSBTransmitErrorCounter                    build\bsp\Libraries\STM32F10x_StdPeriph_Driver\src\stm32f10x_can.o
CAN_GetLastErrorCode                              build\bsp\Libraries\STM32F10x_StdPeriph_Driver\src\stm32f10x_can.o
CAN_GetReceiveErrorCounter                        build\bsp\Libraries\STM32F10x_StdPeriph_Driver\src\stm32f10x_can.o
CAN_ITConfig                                      build\bsp\Libraries\STM32F10x_StdPeriph_Driver\src\stm32f10x_can.o
CAN_Init                                          build\bsp\Libraries\STM32F10x_StdPeriph_Driver\src\stm32f10x_can.o
CAN_MessagePending                                build\bsp\Libraries\STM32F10x_StdPeriph_Driver\src\stm32f10x_can.o
CAN_OperatingModeRequest                          build\bsp\Libraries\STM32F10x_StdPeriph_Driver\src\stm32f10x_can.o
CAN_Receive                                       build\bsp\Libraries\STM32F10x_StdPeriph_Driver\src\stm32f10x_can.o
CAN_SlaveStartBank                                build\bsp\Libraries\STM32F10x_StdPeriph_Driver\src\stm32f10x_can.o
CAN_Sleep                                         build\bsp\Libraries\STM32F10x_StdPeriph_Driver\src\stm32f10x_can.o
CAN_StructInit                                    build\bsp\Libraries\STM32F10x_StdPeriph_Driver\src\stm32f10x_can.o
CAN_TTComModeCmd                                  build\bsp\Libraries\STM32F10x_StdPeriph_Driver\src\stm32f10x_can.o
CAN_Transmit                                      build\bsp\Libraries\STM32F10x_StdPeriph_Driver\src\stm32f10x_can.o
CAN_TransmitStatus                                build\bsp\Libraries\STM32F10x_StdPeriph_Driver\src\stm32f10x_can.o
CAN_WakeUp                                        build\bsp\Libraries\STM32F10x_StdPeriph_Driver\src\stm32f10x_can.o
CEC_ClearFlag                                     build\bsp\Libraries\STM32F10x_StdPeriph_Driver\src\stm32f10x_cec.o
CEC_ClearITPendingBit                             build\bsp\Libraries\STM32F10x_StdPeriph_Driver\src\stm32f10x_cec.o
CEC_Cmd                                           build\bsp\Libraries\STM32F10x_StdPeriph_Driver\src\stm32f10x_cec.o
CEC_DeInit                                        build\bsp\Libraries\STM32F10x_StdPeriph_Driver\src\stm32f10x_cec.o
CEC_EndOfMessageCmd                               build\bsp\Libraries\STM32F10x_StdPeriph_Driver\src\stm32f10x_cec.o
CEC_GetFlagStatus                                 build\bsp\Libraries\STM32F10x_StdPeriph_Driver\src\stm32f10x_cec.o
CEC_GetITStatus                                   build\bsp\Libraries\STM32F10x_StdPeriph_Driver\src\stm32f10x_cec.o
CEC_IRQHandler                                    build\bsp\Libraries\CMSIS\CM3\DeviceSupport\ST\STM32F10x\startup\gcc_ride7\startup_stm32f10x_md_vl.o
CEC_ITConfig                                      build\bsp\Libraries\STM32F10x_StdPeriph_Driver\src\stm32f10x_cec.o
CEC_Init                                          build\bsp\Libraries\STM32F10x_StdPeriph_Driver\src\stm32f10x_cec.o
CEC_OwnAddressConfig                              build\bsp\Libraries\STM32F10x_StdPeriph_Driver\src\stm32f10x_cec.o
CEC_ReceiveDataByte                               build\bsp\Libraries\STM32F10x_StdPeriph_Driver\src\stm32f10x_cec.o
CEC_SendDataByte                                  build\bsp\Libraries\STM32F10x_StdPeriph_Driver\src\stm32f10x_cec.o
CEC_SetPrescaler                                  build\bsp\Libraries\STM32F10x_StdPeriph_Driver\src\stm32f10x_cec.o
CEC_StartOfMessage                                build\bsp\Libraries\STM32F10x_StdPeriph_Driver\src\stm32f10x_cec.o
CRC_CalcBlockCRC                                  build\bsp\Libraries\STM32F10x_StdPeriph_Driver\src\stm32f10x_crc.o
CRC_CalcCRC                                       build\bsp\Libraries\STM32F10x_StdPeriph_Driver\src\stm32f10x_crc.o
CRC_GetCRC                                        build\bsp\Libraries\STM32F10x_StdPeriph_Driver\src\stm32f10x_crc.o
CRC_GetIDRegister                                 build\bsp\Libraries\STM32F10x_StdPeriph_Driver\src\stm32f10x_crc.o
CRC_ResetDR                                       build\bsp\Libraries\STM32F10x_StdPeriph_Driver\src\stm32f10x_crc.o
CRC_SetIDRegister                                 build\bsp\Libraries\STM32F10x_StdPeriph_Driver\src\stm32f10x_crc.o
DAC_ClearFlag                                     build\bsp\Libraries\STM32F10x_StdPeriph_Driver\src\stm32f10x_dac.o
DAC_ClearITPendingBit                             build\bsp\Libraries\STM32F10x_StdPeriph_Driver\src\stm32f10x_dac.o
DAC_Cmd                                           build\bsp\Libraries\STM32F10x_StdPeriph_Driver\src\stm32f10x_dac.o
DAC_DMACmd                                        build\bsp\Libraries\STM32F10x_StdPeriph_Driver\src\stm32f10x_dac.o
DAC_DeInit                                        build\bsp\Libraries\STM32F10x_StdPeriph_Driver\src\stm32f10x_dac.o
DAC_DualSoftwareTriggerCmd                        build\bsp\Libraries\STM32F10x_StdPeriph_Driver\src\stm32f10x_dac.o
DAC_GetDataOutputValue                            build\bsp\Libraries\STM32F10x_StdPeriph_Driver\src\stm32f10x_dac.o
DAC_GetFlagStatus                                 build\bsp\Libraries\STM32F10x_StdPeriph_Driver\src\stm32f10x_dac.o
DAC_GetITStatus                                   build\bsp\Libraries\STM32F10x_StdPeriph_Driver\src\stm32f10x_dac.o
DAC_ITConfig                                      build\bsp\Libraries\STM32F10x_StdPeriph_Driver\src\stm32f10x_dac.o
DAC_Init                                          build\bsp\Libraries\STM32F10x_StdPeriph_Driver\src\stm32f10x_dac.o
DAC_SetChannel1Data                               build\bsp\Libraries\STM32F10x_StdPeriph_Driver\src\stm32f10x_dac.o
DAC_SetChannel2Data                               build\bsp\Libraries\STM32F10x_StdPeriph_Driver\src\stm32f10x_dac.o
DAC_SetDualChannelData                            build\bsp\Libraries\STM32F10x_StdPeriph_Driver\src\stm32f10x_dac.o
DAC_SoftwareTriggerCmd                            build\bsp\Libraries\STM32F10x_StdPeriph_Driver\src\stm32f10x_dac.o
DAC_StructInit                                    build\bsp\Libraries\STM32F10x_StdPeriph_Driver\src\stm32f10x_dac.o
DAC_WaveGenerationCmd                             build\bsp\Libraries\STM32F10x_StdPeriph_Driver\src\stm32f10x_dac.o
DBGMCU_Config                                     build\bsp\Libraries\STM32F10x_StdPeriph_Driver\src\stm32f10x_dbgmcu.o
DBGMCU_GetDEVID                                   build\bsp\Libraries\STM32F10x_StdPeriph_Driver\src\stm32f10x_dbgmcu.o
DBGMCU_GetREVID                                   build\bsp\Libraries\STM32F10x_StdPeriph_Driver\src\stm32f10x_dbgmcu.o
DMA1_Channel1_IRQHandler                          build\bsp\Libraries\CMSIS\CM3\DeviceSupport\ST\STM32F10x\startup\gcc_ride7\startup_stm32f10x_md_vl.o
DMA1_Channel2_IRQHandler                          build\bsp\Libraries\CMSIS\CM3\DeviceSupport\ST\STM32F10x\startup\gcc_ride7\startup_stm32f10x_md_vl.o
DMA1_Channel3_IRQHandler                          build\bsp\Libraries\CMSIS\CM3\DeviceSupport\ST\STM32F10x\startup\gcc_ride7\startup_stm32f10x_md_vl.o
DMA1_Channel4_IRQHandler                          build\bsp\Libraries\CMSIS\CM3\DeviceSupport\ST\STM32F10x\startup\gcc_ride7\startup_stm32f10x_md_vl.o
DMA1_Channel5_IRQHandler                          build\bsp\Libraries\CMSIS\CM3\DeviceSupport\ST\STM32F10x\startup\gcc_ride7\startup_stm32f10x_md_vl.o
DMA1_Channel6_IRQHandler                          build\bsp\Libraries\CMSIS\CM3\DeviceSupport\ST\STM32F10x\startup\gcc_ride7\startup_stm32f10x_md_vl.o
DMA1_Channel7_IRQHandler                          build\bsp\Libraries\CMSIS\CM3\DeviceSupport\ST\STM32F10x\startup\gcc_ride7\startup_stm32f10x_md_vl.o
DMA_ClearFlag                                     build\bsp\Libraries\STM32F10x_StdPeriph_Driver\src\stm32f10x_dma.o
DMA_ClearITPendingBit                             build\bsp\Libraries\STM32F10x_StdPeriph_Driver\src\stm32f10x_dma.o
DMA_Cmd                                           build\bsp\Libraries\STM32F10x_StdPeriph_Driver\src\stm32f10x_dma.o
DMA_DeInit                                        build\bsp\Libraries\STM32F10x_StdPeriph_Driver\src\stm32f10x_dma.o
DMA_GetCurrDataCounter                            build\bsp\Libraries\STM32F10x_StdPeriph_Driver\src\stm32f10x_dma.o
DMA_GetFlagStatus                                 build\bsp\Libraries\STM32F10x_StdPeriph_Driver\src\stm32f10x_dma.o
DMA_GetITStatus                                   build\bsp\Libraries\STM32F10x_StdPeriph_Driver\src\stm32f10x_dma.o
DMA_ITConfig                                      build\bsp\Libraries\STM32F10x_StdPeriph_Driver\src\stm32f10x_dma.o
DMA_Init                                          build\bsp\Libraries\STM32F10x_StdPeriph_Driver\src\stm32f10x_dma.o
DMA_SetCurrDataCounter                            build\bsp\Libraries\STM32F10x_StdPeriph_Driver\src\stm32f10x_dma.o
DMA_StructInit                                    build\bsp\Libraries\STM32F10x_StdPeriph_Driver\src\stm32f10x_dma.o
DebugMon_Handler                                  build\bsp\drivers\stm32f10x_it.o
Default_Handler                                   build\bsp\Libraries\CMSIS\CM3\DeviceSupport\ST\STM32F10x\startup\gcc_ride7\startup_stm32f10x_md_vl.o
EXTI0_IRQHandler                                  build\bsp\Libraries\CMSIS\CM3\DeviceSupport\ST\STM32F10x\startup\gcc_ride7\startup_stm32f10x_md_vl.o
EXTI15_10_IRQHandler                              build\bsp\Libraries\CMSIS\CM3\DeviceSupport\ST\STM32F10x\startup\gcc_ride7\startup_stm32f10x_md_vl.o
EXTI1_IRQHandler                                  build\bsp\Libraries\CMSIS\CM3\DeviceSupport\ST\STM32F10x\startup\gcc_ride7\startup_stm32f10x_md_vl.o
EXTI2_IRQHandler                                  build\bsp\Libraries\CMSIS\CM3\DeviceSupport\ST\STM32F10x\startup\gcc_ride7\startup_stm32f10x_md_vl.o
EXTI3_IRQHandler                                  build\bsp\Libraries\CMSIS\CM3\DeviceSupport\ST\STM32F10x\startup\gcc_ride7\startup_stm32f10x_md_vl.o
EXTI4_IRQHandler                                  build\bsp\Libraries\CMSIS\CM3\DeviceSupport\ST\STM32F10x\startup\gcc_ride7\startup_stm32f10x_md_vl.o
EXTI9_5_IRQHandler                                build\bsp\Libraries\CMSIS\CM3\DeviceSupport\ST\STM32F10x\startup\gcc_ride7\startup_stm32f10x_md_vl.o
EXTI_ClearFlag                                    build\bsp\Libraries\STM32F10x_StdPeriph_Driver\src\stm32f10x_exti.o
EXTI_ClearITPendingBit                            build\bsp\Libraries\STM32F10x_StdPeriph_Driver\src\stm32f10x_exti.o
EXTI_DeInit                                       build\bsp\Libraries\STM32F10x_StdPeriph_Driver\src\stm32f10x_exti.o
EXTI_GenerateSWInterrupt                          build\bsp\Libraries\STM32F10x_StdPeriph_Driver\src\stm32f10x_exti.o
EXTI_GetFlagStatus                                build\bsp\Libraries\STM32F10x_StdPeriph_Driver\src\stm32f10x_exti.o
EXTI_GetITStatus                                  build\bsp\Libraries\STM32F10x_StdPeriph_Driver\src\stm32f10x_exti.o
EXTI_Init                                         build\bsp\Libraries\STM32F10x_StdPeriph_Driver\src\stm32f10x_exti.o
EXTI_StructInit                                   build\bsp\Libraries\STM32F10x_StdPeriph_Driver\src\stm32f10x_exti.o
FLASH_ClearFlag                                   build\bsp\Libraries\STM32F10x_StdPeriph_Driver\src\stm32f10x_flash.o
FLASH_EnableWriteProtection                       build\bsp\Libraries\STM32F10x_StdPeriph_Driver\src\stm32f10x_flash.o
FLASH_EraseAllBank1Pages                          build\bsp\Libraries\STM32F10x_StdPeriph_Driver\src\stm32f10x_flash.o
FLASH_EraseAllPages                               build\bsp\Libraries\STM32F10x_StdPeriph_Driver\src\stm32f10x_flash.o
FLASH_EraseOptionBytes                            build\bsp\Libraries\STM32F10x_StdPeriph_Driver\src\stm32f10x_flash.o
FLASH_ErasePage                                   build\bsp\Libraries\STM32F10x_StdPeriph_Driver\src\stm32f10x_flash.o
FLASH_GetBank1Status                              build\bsp\Libraries\STM32F10x_StdPeriph_Driver\src\stm32f10x_flash.o
FLASH_GetFlagStatus                               build\bsp\Libraries\STM32F10x_StdPeriph_Driver\src\stm32f10x_flash.o
FLASH_GetPrefetchBufferStatus                     build\bsp\Libraries\STM32F10x_StdPeriph_Driver\src\stm32f10x_flash.o
FLASH_GetReadOutProtectionStatus                  build\bsp\Libraries\STM32F10x_StdPeriph_Driver\src\stm32f10x_flash.o
FLASH_GetStatus                                   build\bsp\Libraries\STM32F10x_StdPeriph_Driver\src\stm32f10x_flash.o
FLASH_GetUserOptionByte                           build\bsp\Libraries\STM32F10x_StdPeriph_Driver\src\stm32f10x_flash.o
FLASH_GetWriteProtectionOptionByte                build\bsp\Libraries\STM32F10x_StdPeriph_Driver\src\stm32f10x_flash.o
FLASH_HalfCycleAccessCmd                          build\bsp\Libraries\STM32F10x_StdPeriph_Driver\src\stm32f10x_flash.o
FLASH_IRQHandler                                  build\bsp\Libraries\CMSIS\CM3\DeviceSupport\ST\STM32F10x\startup\gcc_ride7\startup_stm32f10x_md_vl.o
FLASH_ITConfig                                    build\bsp\Libraries\STM32F10x_StdPeriph_Driver\src\stm32f10x_flash.o
FLASH_Lock                                        build\bsp\Libraries\STM32F10x_StdPeriph_Driver\src\stm32f10x_flash.o
FLASH_LockBank1                                   build\bsp\Libraries\STM32F10x_StdPeriph_Driver\src\stm32f10x_flash.o
FLASH_PrefetchBufferCmd                           build\bsp\Libraries\STM32F10x_StdPeriph_Driver\src\stm32f10x_flash.o
FLASH_ProgramHalfWord                             build\bsp\Libraries\STM32F10x_StdPeriph_Driver\src\stm32f10x_flash.o
FLASH_ProgramOptionByteData                       build\bsp\Libraries\STM32F10x_StdPeriph_Driver\src\stm32f10x_flash.o
FLASH_ProgramWord                                 build\bsp\Libraries\STM32F10x_StdPeriph_Driver\src\stm32f10x_flash.o
FLASH_ReadOutProtection                           build\bsp\Libraries\STM32F10x_StdPeriph_Driver\src\stm32f10x_flash.o
FLASH_SetLatency                                  build\bsp\Libraries\STM32F10x_StdPeriph_Driver\src\stm32f10x_flash.o
FLASH_Unlock                                      build\bsp\Libraries\STM32F10x_StdPeriph_Driver\src\stm32f10x_flash.o
FLASH_UnlockBank1                                 build\bsp\Libraries\STM32F10x_StdPeriph_Driver\src\stm32f10x_flash.o
FLASH_UserOptionByteConfig                        build\bsp\Libraries\STM32F10x_StdPeriph_Driver\src\stm32f10x_flash.o
FLASH_WaitForLastBank1Operation                   build\bsp\Libraries\STM32F10x_StdPeriph_Driver\src\stm32f10x_flash.o
FLASH_WaitForLastOperation                        build\bsp\Libraries\STM32F10x_StdPeriph_Driver\src\stm32f10x_flash.o
FSMC_ClearFlag                                    build\bsp\Libraries\STM32F10x_StdPeriph_Driver\src\stm32f10x_fsmc.o
FSMC_ClearITPendingBit                            build\bsp\Libraries\STM32F10x_StdPeriph_Driver\src\stm32f10x_fsmc.o
FSMC_GetECC                                       build\bsp\Libraries\STM32F10x_StdPeriph_Driver\src\stm32f10x_fsmc.o
FSMC_GetFlagStatus                                build\bsp\Libraries\STM32F10x_StdPeriph_Driver\src\stm32f10x_fsmc.o
FSMC_GetITStatus                                  build\bsp\Libraries\STM32F10x_StdPeriph_Driver\src\stm32f10x_fsmc.o
FSMC_ITConfig                                     build\bsp\Libraries\STM32F10x_StdPeriph_Driver\src\stm32f10x_fsmc.o
FSMC_NANDCmd                                      build\bsp\Libraries\STM32F10x_StdPeriph_Driver\src\stm32f10x_fsmc.o
FSMC_NANDDeInit                                   build\bsp\Libraries\STM32F10x_StdPeriph_Driver\src\stm32f10x_fsmc.o
FSMC_NANDECCCmd                                   build\bsp\Libraries\STM32F10x_StdPeriph_Driver\src\stm32f10x_fsmc.o
FSMC_NANDInit                                     build\bsp\Libraries\STM32F10x_StdPeriph_Driver\src\stm32f10x_fsmc.o
FSMC_NANDStructInit                               build\bsp\Libraries\STM32F10x_StdPeriph_Driver\src\stm32f10x_fsmc.o
FSMC_NORSRAMCmd                                   build\bsp\Libraries\STM32F10x_StdPeriph_Driver\src\stm32f10x_fsmc.o
FSMC_NORSRAMDeInit                                build\bsp\Libraries\STM32F10x_StdPeriph_Driver\src\stm32f10x_fsmc.o
FSMC_NORSRAMInit                                  build\bsp\Libraries\STM32F10x_StdPeriph_Driver\src\stm32f10x_fsmc.o
FSMC_NORSRAMStructInit                            build\bsp\Libraries\STM32F10x_StdPeriph_Driver\src\stm32f10x_fsmc.o
FSMC_PCCARDCmd                                    build\bsp\Libraries\STM32F10x_StdPeriph_Driver\src\stm32f10x_fsmc.o
FSMC_PCCARDDeInit                                 build\bsp\Libraries\STM32F10x_StdPeriph_Driver\src\stm32f10x_fsmc.o
FSMC_PCCARDInit                                   build\bsp\Libraries\STM32F10x_StdPeriph_Driver\src\stm32f10x_fsmc.o
FSMC_PCCARDStructInit                             build\bsp\Libraries\STM32F10x_StdPeriph_Driver\src\stm32f10x_fsmc.o
GPIO_AFIODeInit                                   build\bsp\Libraries\STM32F10x_StdPeriph_Driver\src\stm32f10x_gpio.o
GPIO_DeInit                                       build\bsp\Libraries\STM32F10x_StdPeriph_Driver\src\stm32f10x_gpio.o
GPIO_ETH_MediaInterfaceConfig                     build\bsp\Libraries\STM32F10x_StdPeriph_Driver\src\stm32f10x_gpio.o
GPIO_EXTILineConfig                               build\bsp\Libraries\STM32F10x_StdPeriph_Driver\src\stm32f10x_gpio.o
GPIO_EventOutputCmd                               build\bsp\Libraries\STM32F10x_StdPeriph_Driver\src\stm32f10x_gpio.o
GPIO_EventOutputConfig                            build\bsp\Libraries\STM32F10x_StdPeriph_Driver\src\stm32f10x_gpio.o
GPIO_Init                                         build\bsp\Libraries\STM32F10x_StdPeriph_Driver\src\stm32f10x_gpio.o
                                                  build\bsp\drivers\usart.o
                                                  build\bsp\drivers\led.o
GPIO_PinLockConfig                                build\bsp\Libraries\STM32F10x_StdPeriph_Driver\src\stm32f10x_gpio.o
GPIO_PinRemapConfig                               build\bsp\Libraries\STM32F10x_StdPeriph_Driver\src\stm32f10x_gpio.o
GPIO_ReadInputData                                build\bsp\Libraries\STM32F10x_StdPeriph_Driver\src\stm32f10x_gpio.o
GPIO_ReadInputDataBit                             build\bsp\Libraries\STM32F10x_StdPeriph_Driver\src\stm32f10x_gpio.o
GPIO_ReadOutputData                               build\bsp\Libraries\STM32F10x_StdPeriph_Driver\src\stm32f10x_gpio.o
GPIO_ReadOutputDataBit                            build\bsp\Libraries\STM32F10x_StdPeriph_Driver\src\stm32f10x_gpio.o
GPIO_ResetBits                                    build\bsp\Libraries\STM32F10x_StdPeriph_Driver\src\stm32f10x_gpio.o
                                                  build\bsp\drivers\led.o
GPIO_SetBits                                      build\bsp\Libraries\STM32F10x_StdPeriph_Driver\src\stm32f10x_gpio.o
                                                  build\bsp\drivers\led.o
GPIO_StructInit                                   build\bsp\Libraries\STM32F10x_StdPeriph_Driver\src\stm32f10x_gpio.o
GPIO_Write                                        build\bsp\Libraries\STM32F10x_StdPeriph_Driver\src\stm32f10x_gpio.o
GPIO_WriteBit                                     build\bsp\Libraries\STM32F10x_StdPeriph_Driver\src\stm32f10x_gpio.o
HardFault_Handler                                 build\kernel\libcpu\arm\cortex-m3\context_gcc.o
                                                  build\bsp\Libraries\CMSIS\CM3\DeviceSupport\ST\STM32F10x\startup\gcc_ride7\startup_stm32f10x_md_vl.o
I2C1_ER_IRQHandler                                build\bsp\Libraries\CMSIS\CM3\DeviceSupport\ST\STM32F10x\startup\gcc_ride7\startup_stm32f10x_md_vl.o
I2C1_EV_IRQHandler                                build\bsp\Libraries\CMSIS\CM3\DeviceSupport\ST\STM32F10x\startup\gcc_ride7\startup_stm32f10x_md_vl.o
I2C2_ER_IRQHandler                                build\bsp\Libraries\CMSIS\CM3\DeviceSupport\ST\STM32F10x\startup\gcc_ride7\startup_stm32f10x_md_vl.o
I2C2_EV_IRQHandler                                build\bsp\Libraries\CMSIS\CM3\DeviceSupport\ST\STM32F10x\startup\gcc_ride7\startup_stm32f10x_md_vl.o
I2C_ARPCmd                                        build\bsp\Libraries\STM32F10x_StdPeriph_Driver\src\stm32f10x_i2c.o
I2C_AcknowledgeConfig                             build\bsp\Libraries\STM32F10x_StdPeriph_Driver\src\stm32f10x_i2c.o
I2C_CalculatePEC                                  build\bsp\Libraries\STM32F10x_StdPeriph_Driver\src\stm32f10x_i2c.o
I2C_CheckEvent                                    build\bsp\Libraries\STM32F10x_StdPeriph_Driver\src\stm32f10x_i2c.o
I2C_ClearFlag                                     build\bsp\Libraries\STM32F10x_StdPeriph_Driver\src\stm32f10x_i2c.o
I2C_ClearITPendingBit                             build\bsp\Libraries\STM32F10x_StdPeriph_Driver\src\stm32f10x_i2c.o
I2C_Cmd                                           build\bsp\Libraries\STM32F10x_StdPeriph_Driver\src\stm32f10x_i2c.o
I2C_DMACmd                                        build\bsp\Libraries\STM32F10x_StdPeriph_Driver\src\stm32f10x_i2c.o
I2C_DMALastTransferCmd                            build\bsp\Libraries\STM32F10x_StdPeriph_Driver\src\stm32f10x_i2c.o
I2C_DeInit                                        build\bsp\Libraries\STM32F10x_StdPeriph_Driver\src\stm32f10x_i2c.o
I2C_DualAddressCmd                                build\bsp\Libraries\STM32F10x_StdPeriph_Driver\src\stm32f10x_i2c.o
I2C_FastModeDutyCycleConfig                       build\bsp\Libraries\STM32F10x_StdPeriph_Driver\src\stm32f10x_i2c.o
I2C_GeneralCallCmd                                build\bsp\Libraries\STM32F10x_StdPeriph_Driver\src\stm32f10x_i2c.o
I2C_GenerateSTART                                 build\bsp\Libraries\STM32F10x_StdPeriph_Driver\src\stm32f10x_i2c.o
I2C_GenerateSTOP                                  build\bsp\Libraries\STM32F10x_StdPeriph_Driver\src\stm32f10x_i2c.o
I2C_GetFlagStatus                                 build\bsp\Libraries\STM32F10x_StdPeriph_Driver\src\stm32f10x_i2c.o
I2C_GetITStatus                                   build\bsp\Libraries\STM32F10x_StdPeriph_Driver\src\stm32f10x_i2c.o
I2C_GetLastEvent                                  build\bsp\Libraries\STM32F10x_StdPeriph_Driver\src\stm32f10x_i2c.o
I2C_GetPEC                                        build\bsp\Libraries\STM32F10x_StdPeriph_Driver\src\stm32f10x_i2c.o
I2C_ITConfig                                      build\bsp\Libraries\STM32F10x_StdPeriph_Driver\src\stm32f10x_i2c.o
I2C_Init                                          build\bsp\Libraries\STM32F10x_StdPeriph_Driver\src\stm32f10x_i2c.o
I2C_NACKPositionConfig                            build\bsp\Libraries\STM32F10x_StdPeriph_Driver\src\stm32f10x_i2c.o
I2C_OwnAddress2Config                             build\bsp\Libraries\STM32F10x_StdPeriph_Driver\src\stm32f10x_i2c.o
I2C_PECPositionConfig                             build\bsp\Libraries\STM32F10x_StdPeriph_Driver\src\stm32f10x_i2c.o
I2C_ReadRegister                                  build\bsp\Libraries\STM32F10x_StdPeriph_Driver\src\stm32f10x_i2c.o
I2C_ReceiveData                                   build\bsp\Libraries\STM32F10x_StdPeriph_Driver\src\stm32f10x_i2c.o
I2C_SMBusAlertConfig                              build\bsp\Libraries\STM32F10x_StdPeriph_Driver\src\stm32f10x_i2c.o
I2C_Send7bitAddress                               build\bsp\Libraries\STM32F10x_StdPeriph_Driver\src\stm32f10x_i2c.o
I2C_SendData                                      build\bsp\Libraries\STM32F10x_StdPeriph_Driver\src\stm32f10x_i2c.o
I2C_SoftwareResetCmd                              build\bsp\Libraries\STM32F10x_StdPeriph_Driver\src\stm32f10x_i2c.o
I2C_StretchClockCmd                               build\bsp\Libraries\STM32F10x_StdPeriph_Driver\src\stm32f10x_i2c.o
I2C_StructInit                                    build\bsp\Libraries\STM32F10x_StdPeriph_Driver\src\stm32f10x_i2c.o
I2C_TransmitPEC                                   build\bsp\Libraries\STM32F10x_StdPeriph_Driver\src\stm32f10x_i2c.o
I2S_Cmd                                           build\bsp\Libraries\STM32F10x_StdPeriph_Driver\src\stm32f10x_spi.o
I2S_Init                                          build\bsp\Libraries\STM32F10x_StdPeriph_Driver\src\stm32f10x_spi.o
I2S_StructInit                                    build\bsp\Libraries\STM32F10x_StdPeriph_Driver\src\stm32f10x_spi.o
IWDG_Enable                                       build\bsp\Libraries\STM32F10x_StdPeriph_Driver\src\stm32f10x_iwdg.o
IWDG_GetFlagStatus                                build\bsp\Libraries\STM32F10x_StdPeriph_Driver\src\stm32f10x_iwdg.o
IWDG_ReloadCounter                                build\bsp\Libraries\STM32F10x_StdPeriph_Driver\src\stm32f10x_iwdg.o
IWDG_SetPrescaler                                 build\bsp\Libraries\STM32F10x_StdPeriph_Driver\src\stm32f10x_iwdg.o
IWDG_SetReload                                    build\bsp\Libraries\STM32F10x_StdPeriph_Driver\src\stm32f10x_iwdg.o
IWDG_WriteAccessCmd                               build\bsp\Libraries\STM32F10x_StdPeriph_Driver\src\stm32f10x_iwdg.o
MemManage_Handler                                 build\bsp\drivers\stm32f10x_it.o
NMI_Handler                                       build\bsp\drivers\stm32f10x_it.o
NVIC_Configuration                                build\bsp\drivers\board.o
NVIC_Init                                         build\bsp\Libraries\STM32F10x_StdPeriph_Driver\src\misc.o
                                                  build\bsp\drivers\usart.o
NVIC_PriorityGroupConfig                          build\bsp\Libraries\STM32F10x_StdPeriph_Driver\src\misc.o
NVIC_SetVectorTable                               build\bsp\Libraries\STM32F10x_StdPeriph_Driver\src\misc.o
                                                  build\bsp\drivers\board.o
NVIC_SystemLPConfig                               build\bsp\Libraries\STM32F10x_StdPeriph_Driver\src\misc.o
PVD_IRQHandler                                    build\bsp\Libraries\CMSIS\CM3\DeviceSupport\ST\STM32F10x\startup\gcc_ride7\startup_stm32f10x_md_vl.o
PWR_BackupAccessCmd                               build\bsp\Libraries\STM32F10x_StdPeriph_Driver\src\stm32f10x_pwr.o
PWR_ClearFlag                                     build\bsp\Libraries\STM32F10x_StdPeriph_Driver\src\stm32f10x_pwr.o
PWR_DeInit                                        build\bsp\Libraries\STM32F10x_StdPeriph_Driver\src\stm32f10x_pwr.o
PWR_EnterSTANDBYMode                              build\bsp\Libraries\STM32F10x_StdPeriph_Driver\src\stm32f10x_pwr.o
PWR_EnterSTOPMode                                 build\bsp\Libraries\STM32F10x_StdPeriph_Driver\src\stm32f10x_pwr.o
PWR_GetFlagStatus                                 build\bsp\Libraries\STM32F10x_StdPeriph_Driver\src\stm32f10x_pwr.o
PWR_PVDCmd                                        build\bsp\Libraries\STM32F10x_StdPeriph_Driver\src\stm32f10x_pwr.o
PWR_PVDLevelConfig                                build\bsp\Libraries\STM32F10x_StdPeriph_Driver\src\stm32f10x_pwr.o
PWR_WakeUpPinCmd                                  build\bsp\Libraries\STM32F10x_StdPeriph_Driver\src\stm32f10x_pwr.o
PendSV_Handler                                    build\kernel\libcpu\arm\cortex-m3\context_gcc.o
                                                  build\bsp\Libraries\CMSIS\CM3\DeviceSupport\ST\STM32F10x\startup\gcc_ride7\startup_stm32f10x_md_vl.o
RCC_ADCCLKConfig                                  build\bsp\Libraries\STM32F10x_StdPeriph_Driver\src\stm32f10x_rcc.o
RCC_AHBPeriphClockCmd                             build\bsp\Libraries\STM32F10x_StdPeriph_Driver\src\stm32f10x_rcc.o
RCC_APB1PeriphClockCmd                            build\bsp\Libraries\STM32F10x_StdPeriph_Driver\src\stm32f10x_rcc.o
                                                  build\bsp\drivers\usart.o
RCC_APB1PeriphResetCmd                            build\bsp\Libraries\STM32F10x_StdPeriph_Driver\src\stm32f10x_rcc.o
                                                  build\bsp\Libraries\STM32F10x_StdPeriph_Driver\src\stm32f10x_cec.o
                                                  build\bsp\Libraries\STM32F10x_StdPeriph_Driver\src\stm32f10x_can.o
                                                  build\bsp\Libraries\STM32F10x_StdPeriph_Driver\src\stm32f10x_usart.o
                                                  build\bsp\Libraries\STM32F10x_StdPeriph_Driver\src\stm32f10x_spi.o
                                                  build\bsp\Libraries\STM32F10x_StdPeriph_Driver\src\stm32f10x_tim.o